Archive member included to satisfy reference by file (symbol)

e:/program files/stm32cubeide_1.9.0/stm32cubeide/plugins/com.st.stm32cube.ide.mcu.externaltools.gnu-tools-for-stm32.10.3-2021.10.win32_1.0.0.202111181127/tools/bin/../lib/gcc/arm-none-eabi/10.3.1/../../../../arm-none-eabi/lib/thumb/v7-m/nofp\libc_nano.a(lib_a-errno.o)
                              ./Core/Src/syscalls.o (__errno)
e:/program files/stm32cubeide_1.9.0/stm32cubeide/plugins/com.st.stm32cube.ide.mcu.externaltools.gnu-tools-for-stm32.10.3-2021.10.win32_1.0.0.202111181127/tools/bin/../lib/gcc/arm-none-eabi/10.3.1/../../../../arm-none-eabi/lib/thumb/v7-m/nofp\libc_nano.a(lib_a-exit.o)
                              e:/program files/stm32cubeide_1.9.0/stm32cubeide/plugins/com.st.stm32cube.ide.mcu.externaltools.gnu-tools-for-stm32.10.3-2021.10.win32_1.0.0.202111181127/tools/bin/../lib/gcc/arm-none-eabi/10.3.1/../../../../arm-none-eabi/lib/thumb/v7-m/nofp/crt0.o (exit)
e:/program files/stm32cubeide_1.9.0/stm32cubeide/plugins/com.st.stm32cube.ide.mcu.externaltools.gnu-tools-for-stm32.10.3-2021.10.win32_1.0.0.202111181127/tools/bin/../lib/gcc/arm-none-eabi/10.3.1/../../../../arm-none-eabi/lib/thumb/v7-m/nofp\libc_nano.a(lib_a-impure.o)
                              e:/program files/stm32cubeide_1.9.0/stm32cubeide/plugins/com.st.stm32cube.ide.mcu.externaltools.gnu-tools-for-stm32.10.3-2021.10.win32_1.0.0.202111181127/tools/bin/../lib/gcc/arm-none-eabi/10.3.1/../../../../arm-none-eabi/lib/thumb/v7-m/nofp\libc_nano.a(lib_a-exit.o) (_global_impure_ptr)
e:/program files/stm32cubeide_1.9.0/stm32cubeide/plugins/com.st.stm32cube.ide.mcu.externaltools.gnu-tools-for-stm32.10.3-2021.10.win32_1.0.0.202111181127/tools/bin/../lib/gcc/arm-none-eabi/10.3.1/../../../../arm-none-eabi/lib/thumb/v7-m/nofp\libc_nano.a(lib_a-init.o)
                              e:/program files/stm32cubeide_1.9.0/stm32cubeide/plugins/com.st.stm32cube.ide.mcu.externaltools.gnu-tools-for-stm32.10.3-2021.10.win32_1.0.0.202111181127/tools/bin/../lib/gcc/arm-none-eabi/10.3.1/../../../../arm-none-eabi/lib/thumb/v7-m/nofp/crt0.o (__libc_init_array)
e:/program files/stm32cubeide_1.9.0/stm32cubeide/plugins/com.st.stm32cube.ide.mcu.externaltools.gnu-tools-for-stm32.10.3-2021.10.win32_1.0.0.202111181127/tools/bin/../lib/gcc/arm-none-eabi/10.3.1/../../../../arm-none-eabi/lib/thumb/v7-m/nofp\libc_nano.a(lib_a-memset.o)
                              e:/program files/stm32cubeide_1.9.0/stm32cubeide/plugins/com.st.stm32cube.ide.mcu.externaltools.gnu-tools-for-stm32.10.3-2021.10.win32_1.0.0.202111181127/tools/bin/../lib/gcc/arm-none-eabi/10.3.1/../../../../arm-none-eabi/lib/thumb/v7-m/nofp/crt0.o (memset)
e:/program files/stm32cubeide_1.9.0/stm32cubeide/plugins/com.st.stm32cube.ide.mcu.externaltools.gnu-tools-for-stm32.10.3-2021.10.win32_1.0.0.202111181127/tools/bin/../lib/gcc/arm-none-eabi/10.3.1/../../../../arm-none-eabi/lib/thumb/v7-m/nofp\libc_nano.a(lib_a-sprintf.o)
                              ./Core/Src/gui.o (sprintf)
e:/program files/stm32cubeide_1.9.0/stm32cubeide/plugins/com.st.stm32cube.ide.mcu.externaltools.gnu-tools-for-stm32.10.3-2021.10.win32_1.0.0.202111181127/tools/bin/../lib/gcc/arm-none-eabi/10.3.1/../../../../arm-none-eabi/lib/thumb/v7-m/nofp\libc_nano.a(lib_a-strcmp.o)
                              ./Core/Src/main.o (strcmp)
e:/program files/stm32cubeide_1.9.0/stm32cubeide/plugins/com.st.stm32cube.ide.mcu.externaltools.gnu-tools-for-stm32.10.3-2021.10.win32_1.0.0.202111181127/tools/bin/../lib/gcc/arm-none-eabi/10.3.1/../../../../arm-none-eabi/lib/thumb/v7-m/nofp\libc_nano.a(lib_a-strncmp.o)
                              ./Core/Src/main.o (strncmp)
e:/program files/stm32cubeide_1.9.0/stm32cubeide/plugins/com.st.stm32cube.ide.mcu.externaltools.gnu-tools-for-stm32.10.3-2021.10.win32_1.0.0.202111181127/tools/bin/../lib/gcc/arm-none-eabi/10.3.1/../../../../arm-none-eabi/lib/thumb/v7-m/nofp\libc_nano.a(lib_a-strstr.o)
                              ./Core/Src/main.o (strstr)
e:/program files/stm32cubeide_1.9.0/stm32cubeide/plugins/com.st.stm32cube.ide.mcu.externaltools.gnu-tools-for-stm32.10.3-2021.10.win32_1.0.0.202111181127/tools/bin/../lib/gcc/arm-none-eabi/10.3.1/../../../../arm-none-eabi/lib/thumb/v7-m/nofp\libc_nano.a(lib_a-nano-svfprintf.o)
                              e:/program files/stm32cubeide_1.9.0/stm32cubeide/plugins/com.st.stm32cube.ide.mcu.externaltools.gnu-tools-for-stm32.10.3-2021.10.win32_1.0.0.202111181127/tools/bin/../lib/gcc/arm-none-eabi/10.3.1/../../../../arm-none-eabi/lib/thumb/v7-m/nofp\libc_nano.a(lib_a-sprintf.o) (_svfprintf_r)
e:/program files/stm32cubeide_1.9.0/stm32cubeide/plugins/com.st.stm32cube.ide.mcu.externaltools.gnu-tools-for-stm32.10.3-2021.10.win32_1.0.0.202111181127/tools/bin/../lib/gcc/arm-none-eabi/10.3.1/../../../../arm-none-eabi/lib/thumb/v7-m/nofp\libc_nano.a(lib_a-nano-vfprintf_i.o)
[...]
Memory Configuration

Name             Origin             Length             Attributes
RAM              0x0000000020000000 0x0000000000010000 xrw
FLASH            0x0000000008000000 0x0000000000080000 xr
*default*        0x0000000000000000 0xffffffffffffffff

Linker script and memory map

LOAD e:/program files/stm32cubeide_1.9.0/stm32cubeide/plugins/com.st.stm32cube.ide.mcu.externaltools.gnu-tools-for-stm32.10.3-2021.10.win32_1.0.0.202111181127/tools/bin/../lib/gcc/arm-none-eabi/10.3.1/thumb/v7-m/nofp/crti.o
LOAD e:/program files/stm32cubeide_1.9.0/stm32cubeide/plugins/com.st.stm32cube.ide.mcu.externaltools.gnu-tools-for-stm32.10.3-2021.10.win32_1.0.0.202111181127/tools/bin/../lib/gcc/arm-none-eabi/10.3.1/thumb/v7-m/nofp/crtbegin.o
LOAD e:/program files/stm32cubeide_1.9.0/stm32cubeide/plugins/com.st.stm32cube.ide.mcu.externaltools.gnu-tools-for-stm32.10.3-2021.10.win32_1.0.0.202111181127/tools/bin/../lib/gcc/arm-none-eabi/10.3.1/../../../../arm-none-eabi/lib/thumb/v7-m/nofp/crt0.o
LOAD ./Core/Src/gui.o
LOAD ./Core/Src/lcd.o
LOAD ./Core/Src/main.o
LOAD ./Core/Src/stm32f1xx_hal_msp.o
LOAD ./Core/Src/stm32f1xx_it.o
LOAD ./Core/Src/syscalls.o
LOAD ./Core/Src/sysmem.o
LOAD ./Core/Src/system_stm32f1xx.o
LOAD ./Core/Startup/startup_stm32f103vetx.o
LOAD ./Drivers/STM32F1xx_HAL_Driver/Src/stm32f1xx_hal.o
LOAD ./Drivers/STM32F1xx_HAL_Driver/Src/stm32f1xx_hal_adc.o
LOAD ./Drivers/STM32F1xx_HAL_Driver/Src/stm32f1xx_hal_adc_ex.o
LOAD ./Drivers/STM32F1xx_HAL_Driver/Src/stm32f1xx_hal_cortex.o
LOAD ./Drivers/STM32F1xx_HAL_Driver/Src/stm32f1xx_hal_dac.o
LOAD ./Drivers/STM32F1xx_HAL_Driver/Src/stm32f1xx_hal_dac_ex.o
LOAD ./Drivers/STM32F1xx_HAL_Driver/Src/stm32f1xx_hal_dma.o
LOAD ./Drivers/STM32F1xx_HAL_Driver/Src/stm32f1xx_hal_exti.o
LOAD ./Drivers/STM32F1xx_HAL_Driver/Src/stm32f1xx_hal_flash.o
LOAD ./Drivers/STM32F1xx_HAL_Driver/Src/stm32f1xx_hal_flash_ex.o
LOAD ./Drivers/STM32F1xx_HAL_Driver/Src/stm32f1xx_hal_gpio.o
LOAD ./Drivers/STM32F1xx_HAL_Driver/Src/stm32f1xx_hal_gpio_ex.o
LOAD ./Drivers/STM32F1xx_HAL_Driver/Src/stm32f1xx_hal_pwr.o
LOAD ./Drivers/STM32F1xx_HAL_Driver/Src/stm32f1xx_hal_rcc.o
LOAD ./Drivers/STM32F1xx_HAL_Driver/Src/stm32f1xx_hal_rcc_ex.o
LOAD ./Drivers/STM32F1xx_HAL_Driver/Src/stm32f1xx_hal_sd.o
LOAD ./Drivers/STM32F1xx_HAL_Driver/Src/stm32f1xx_hal_sram.o
LOAD ./Drivers/STM32F1xx_HAL_Driver/Src/stm32f1xx_hal_tim.o
LOAD ./Drivers/STM32F1xx_HAL_Driver/Src/stm32f1xx_hal_tim_ex.o
LOAD ./Drivers/STM32F1xx_HAL_Driver/Src/stm32f1xx_ll_fsmc.o
LOAD ./Drivers/STM32F1xx_HAL_Driver/Src/stm32f1xx_ll_sdmmc.o
LOAD ./FATFS/App/fatfs.o
LOAD ./FATFS/Target/bsp_driver_sd.o
LOAD ./FATFS/Target/fatfs_platform.o
LOAD ./Middlewares/Third_Party/FatFs/src/diskio.o
LOAD ./Middlewares/Third_Party/FatFs/src/ff.o
LOAD ./Middlewares/Third_Party/FatFs/src/ff_gen_drv.o
LOAD ./Middlewares/Third_Party/FatFs/src/drivers/sd_diskio.o
LOAD ./Middlewares/Third_Party/FatFs/src/option/syscall.o
START GROUP
LOAD e:/program files/stm32cubeide_1.9.0/stm32cubeide/plugins/com.st.stm32cube.ide.mcu.externaltools.gnu-tools-for-stm32.10.3-2021.10.win32_1.0.0.202111181127/tools/bin/../lib/gcc/arm-none-eabi/10.3.1/../../../../arm-none-eabi/lib/thumb/v7-m/nofp\libc_nano.a
LOAD e:/program files/stm32cubeide_1.9.0/stm32cubeide/plugins/com.st.stm32cube.ide.mcu.externaltools.gnu-tools-for-stm32.10.3-2021.10.win32_1.0.0.202111181127/tools/bin/../lib/gcc/arm-none-eabi/10.3.1/../../../../arm-none-eabi/lib/thumb/v7-m/nofp\libm.a
END GROUP
START GROUP
LOAD e:/program files/stm32cubeide_1.9.0/stm32cubeide/plugins/com.st.stm32cube.ide.mcu.externaltools.gnu-tools-for-stm32.10.3-2021.10.win32_1.0.0.202111181127/tools/bin/../lib/gcc/arm-none-eabi/10.3.1/thumb/v7-m/nofp\libgcc.a
LOAD e:/program files/stm32cubeide_1.9.0/stm32cubeide/plugins/com.st.stm32cube.ide.mcu.externaltools.gnu-tools-for-stm32.10.3-2021.10.win32_1.0.0.202111181127/tools/bin/../lib/gcc/arm-none-eabi/10.3.1/../../../../arm-none-eabi/lib/thumb/v7-m/nofp\libc_nano.a
END GROUP
START GROUP
LOAD e:/program files/stm32cubeide_1.9.0/stm32cubeide/plugins/com.st.stm32cube.ide.mcu.externaltools.gnu-tools-for-stm32.10.3-2021.10.win32_1.0.0.202111181127/tools/bin/../lib/gcc/arm-none-eabi/10.3.1/thumb/v7-m/nofp\libgcc.a
LOAD e:/program files/stm32cubeide_1.9.0/stm32cubeide/plugins/com.st.stm32cube.ide.mcu.externaltools.gnu-tools-for-stm32.10.3-2021.10.win32_1.0.0.202111181127/tools/bin/../lib/gcc/arm-none-eabi/10.3.1/../../../../arm-none-eabi/lib/thumb/v7-m/nofp\libc_nano.a
LOAD e:/program files/stm32cubeide_1.9.0/stm32cubeide/plugins/com.st.stm32cube.ide.mcu.externaltools.gnu-tools-for-stm32.10.3-2021.10.win32_1.0.0.202111181127/tools/bin/../lib/gcc/arm-none-eabi/10.3.1/../../../../arm-none-eabi/lib/thumb/v7-m/nofp\libnosys.a
END GROUP
START GROUP
LOAD e:/program files/stm32cubeide_1.9.0/stm32cubeide/plugins/com.st.stm32cube.ide.mcu.externaltools.gnu-tools-for-stm32.10.3-2021.10.win32_1.0.0.202111181127/tools/bin/../lib/gcc/arm-none-eabi/10.3.1/thumb/v7-m/nofp\libgcc.a
LOAD e:/program files/stm32cubeide_1.9.0/stm32cubeide/plugins/com.st.stm32cube.ide.mcu.externaltools.gnu-tools-for-stm32.10.3-2021.10.win32_1.0.0.202111181127/tools/bin/../lib/gcc/arm-none-eabi/10.3.1/../../../../arm-none-eabi/lib/thumb/v7-m/nofp\libc_nano.a
LOAD e:/program files/stm32cubeide_1.9.0/stm32cubeide/plugins/com.st.stm32cube.ide.mcu.externaltools.gnu-tools-for-stm32.10.3-2021.10.win32_1.0.0.202111181127/tools/bin/../lib/gcc/arm-none-eabi/10.3.1/../../../../arm-none-eabi/lib/thumb/v7-m/nofp\libnosys.a
END GROUP
LOAD e:/program files/stm32cubeide_1.9.0/stm32cubeide/plugins/com.st.stm32cube.ide.mcu.externaltools.gnu-tools-for-stm32.10.3-2021.10.win32_1.0.0.202111181127/tools/bin/../lib/gcc/arm-none-eabi/10.3.1/thumb/v7-m/nofp/crtend.o
LOAD e:/program files/stm32cubeide_1.9.0/stm32cubeide/plugins/com.st.stm32cube.ide.mcu.externaltools.gnu-tools-for-stm32.10.3-2021.10.win32_1.0.0.202111181127/tools/bin/../lib/gcc/arm-none-eabi/10.3.1/thumb/v7-m/nofp/crtn.o
                0x0000000020010000                _estack = (ORIGIN (RAM) + LENGTH (RAM))
                0x0000000000000200                _Min_Heap_Size = 0x200
                0x0000000000000400                _Min_Stack_Size = 0x400

.isr_vector     0x0000000008000000      0x1e4
                0x0000000008000000                . = ALIGN (0x4)
 *(.isr_vector)
 .isr_vector    0x0000000008000000      0x1e4 ./Core/Startup/startup_stm32f103vetx.o
                0x0000000008000000                g_pfnVectors
                0x00000000080001e4                . = ALIGN (0x4)

.text           0x00000000080001e8     0xd600
                0x00000000080001e8                . = ALIGN (0x4)
 *(.text)
 .text          0x00000000080001e8       0x40 e:/program files/stm32cubeide_1.9.0/stm32cubeide/plugins/com.st.stm32cube.ide.mcu.externaltools.gnu-tools-for-stm32.10.3-2021.10.win32_1.0.0.202111181127/tools/bin/../lib/gcc/arm-none-eabi/10.3.1/thumb/v7-m/nofp/crtbegin.o
 .text          0x0000000008000228       0x14 e:/program files/stm32cubeide_1.9.0/stm32cubeide/plugins/com.st.stm32cube.ide.mcu.externaltools.gnu-tools-for-stm32.10.3-2021.10.win32_1.0.0.202111181127/tools/bin/../lib/gcc/arm-none-eabi/10.3.1/../../../../arm-none-eabi/lib/thumb/v7-m/nofp\libc_nano.a(lib_a-strcmp.o)
                0x0000000008000228                strcmp
 .text          0x000000000800023c      0x168 e:/program files/stm32cubeide_1.9.0/stm32cubeide/plugins/com.st.stm32cube.ide.mcu.externaltools.gnu-tools-for-stm32.10.3-2021.10.win32_1.0.0.202111181127/tools/bin/../lib/gcc/arm-none-eabi/10.3.1/thumb/v7-m/nofp\libgcc.a(_arm_mulsf3.o)
                0x000000000800023c                __aeabi_fmul
                0x000000000800023c                __mulsf3
 .text          0x00000000080003a4      0x378 e:/program files/stm32cubeide_1.9.0/stm32cubeide/plugins/com.st.stm32cube.ide.mcu.externaltools.gnu-tools-for-stm32.10.3-2021.10.win32_1.0.0.202111181127/tools/bin/../lib/gcc/arm-none-eabi/10.3.1/thumb/v7-m/nofp\libgcc.a(_arm_addsubdf3.o)
                0x00000000080003a4                __aeabi_drsub
                0x00000000080003ac                __aeabi_dsub
                0x00000000080003ac                __subdf3
                0x00000000080003b0                __aeabi_dadd
                0x00000000080003b0                __adddf3
                0x0000000008000628                __floatunsidf
                0x0000000008000628                __aeabi_ui2d
                0x0000000008000648                __floatsidf
                0x0000000008000648                __aeabi_i2d
                0x000000000800066c                __aeabi_f2d
                0x000000000800066c                __extendsfdf2
                0x00000000080006b0                __floatundidf
                0x00000000080006b0                __aeabi_ul2d
                0x00000000080006c0                __floatdidf
                0x00000000080006c0                __aeabi_l2d
 .text          0x000000000800071c      0x424 e:/program files/stm32cubeide_1.9.0/stm32cubeide/plugins/com.st.stm32cube.ide.mcu.externaltools.gnu-tools-for-stm32.10.3-2021.10.win32_1.0.0.202111181127/tools/bin/../lib/gcc/arm-none-eabi/10.3.1/thumb/v7-m/nofp\libgcc.a(_arm_muldivdf3.o)
                0x000000000800071c                __aeabi_dmul
                0x000000000800071c                __muldf3
                0x0000000008000970                __divdf3
                0x0000000008000970                __aeabi_ddiv
 .text          0x0000000008000b40       0x50 e:/program files/stm32cubeide_1.9.0/stm32cubeide/plugins/com.st.stm32cube.ide.mcu.externaltools.gnu-tools-for-stm32.10.3-2021.10.win32_1.0.0.202111181127/tools/bin/../lib/gcc/arm-none-eabi/10.3.1/thumb/v7-m/nofp\libgcc.a(_arm_fixdfsi.o)
                0x0000000008000b40                __aeabi_d2iz
                0x0000000008000b40                __fixdfsi
 .text          0x0000000008000b90       0x40 e:/program files/stm32cubeide_1.9.0/stm32cubeide/plugins/com.st.stm32cube.ide.mcu.externaltools.gnu-tools-for-stm32.10.3-2021.10.win32_1.0.0.202111181127/tools/bin/../lib/gcc/arm-none-eabi/10.3.1/thumb/v7-m/nofp\libgcc.a(_arm_fixunsdfsi.o)
                0x0000000008000b90                __aeabi_d2uiz
                0x0000000008000b90                __fixunsdfsi
 .text          0x0000000008000bd0       0xa0 e:/program files/stm32cubeide_1.9.0/stm32cubeide/plugins/com.st.stm32cube.ide.mcu.externaltools.gnu-tools-for-stm32.10.3-2021.10.win32_1.0.0.202111181127/tools/bin/../lib/gcc/arm-none-eabi/10.3.1/thumb/v7-m/nofp\libgcc.a(_arm_truncdfsf2.o)
                0x0000000008000bd0                __truncdfsf2
                0x0000000008000bd0                __aeabi_d2f
 .text          0x0000000008000c70      0x21c e:/program files/stm32cubeide_1.9.0/stm32cubeide/plugins/com.st.stm32cube.ide.mcu.externaltools.gnu-tools-for-stm32.10.3-2021.10.win32_1.0.0.202111181127/tools/bin/../lib/gcc/arm-none-eabi/10.3.1/thumb/v7-m/nofp\libgcc.a(_arm_addsubsf3.o)
                0x0000000008000c70                __aeabi_frsub
                0x0000000008000c78                __subsf3
                0x0000000008000c78                __aeabi_fsub
                0x0000000008000c7c                __aeabi_fadd
                0x0000000008000c7c                __addsf3
                0x0000000008000ddc                __aeabi_ui2f
                0x0000000008000ddc                __floatunsisf
                0x0000000008000de4                __aeabi_i2f
                0x0000000008000de4                __floatsisf
                0x0000000008000e00                __aeabi_ul2f
                0x0000000008000e00                __floatundisf
                0x0000000008000e10                __aeabi_l2f
                0x0000000008000e10                __floatdisf
 .text          0x0000000008000e8c       0xec e:/program files/stm32cubeide_1.9.0/stm32cubeide/plugins/com.st.stm32cube.ide.mcu.externaltools.gnu-tools-for-stm32.10.3-2021.10.win32_1.0.0.202111181127/tools/bin/../lib/gcc/arm-none-eabi/10.3.1/thumb/v7-m/nofp\libgcc.a(_arm_cmpsf2.o)
                0x0000000008000e8c                __gesf2
                0x0000000008000e8c                __gtsf2
                0x0000000008000e94                __lesf2
                0x0000000008000e94                __ltsf2
                0x0000000008000e9c                __nesf2
                0x0000000008000e9c                __eqsf2
                0x0000000008000e9c                __cmpsf2
                0x0000000008000efc                __aeabi_cfrcmple
                0x0000000008000f04                __aeabi_cfcmpeq
                0x0000000008000f04                __aeabi_cfcmple
                0x0000000008000f14                __aeabi_fcmpeq
                0x0000000008000f28                __aeabi_fcmplt
                0x0000000008000f3c                __aeabi_fcmple
                0x0000000008000f50                __aeabi_fcmpge
                0x0000000008000f64                __aeabi_fcmpgt
 .text          0x0000000008000f78       0x4c e:/program files/stm32cubeide_1.9.0/stm32cubeide/plugins/com.st.stm32cube.ide.mcu.externaltools.gnu-tools-for-stm32.10.3-2021.10.win32_1.0.0.202111181127/tools/bin/../lib/gcc/arm-none-eabi/10.3.1/thumb/v7-m/nofp\libgcc.a(_arm_fixsfsi.o)
                0x0000000008000f78                __aeabi_f2iz
                0x0000000008000f78                __fixsfsi
 .text          0x0000000008000fc4       0x40 e:/program files/stm32cubeide_1.9.0/stm32cubeide/plugins/com.st.stm32cube.ide.mcu.externaltools.gnu-tools-for-stm32.10.3-2021.10.win32_1.0.0.202111181127/tools/bin/../lib/gcc/arm-none-eabi/10.3.1/thumb/v7-m/nofp\libgcc.a(_arm_fixunssfsi.o)
                0x0000000008000fc4                __fixunssfsi
                0x0000000008000fc4                __aeabi_f2uiz
 *(.text*)
 .text.GUI_Init
                0x0000000008001004       0x64 ./Core/Src/gui.o
                0x0000000008001004                GUI_Init
 .text.GUI_SetPlaytime
                0x0000000008001068      0x180 ./Core/Src/gui.o
                0x0000000008001068                GUI_SetPlaytime
 .text.GUI_SetFileName
                0x00000000080011e8       0x3c ./Core/Src/gui.o
                0x00000000080011e8                GUI_SetFileName
 .text.GUI_SetPlayStatus
                0x0000000008001224       0x58 ./Core/Src/gui.o
                0x0000000008001224                GUI_SetPlayStatus
 .text.GUI_SetVolumeLevel
                0x000000000800127c       0xdc ./Core/Src/gui.o
                0x000000000800127c                GUI_SetVolumeLevel
 .text.GUI_SetFilterStatus
                0x0000000008001358      0x180 ./Core/Src/gui.o
                0x0000000008001358                GUI_SetFilterStatus
 .text.GUI_SetFilterFreq
                0x00000000080014d8      0x164 ./Core/Src/gui.o
                0x00000000080014d8                GUI_SetFilterFreq
 .text.GUI_SetTempo
                0x000000000800163c      0x130 ./Core/Src/gui.o
                0x000000000800163c                GUI_SetTempo
 .text.GUI_SetPitch
                0x000000000800176c      0x130 ./Core/Src/gui.o
                0x000000000800176c                GUI_SetPitch
 .text.GUI_SetTitle
                0x000000000800189c       0x18 ./Core/Src/gui.o
                0x000000000800189c                GUI_SetTitle
 .text.Delay    0x00000000080018b4       0x22 ./Core/Src/lcd.o
                0x00000000080018b4                Delay
 .text.LCD_INIT
                0x00000000080018d6       0x2e ./Core/Src/lcd.o
                0x00000000080018d6                LCD_INIT
 .text.LCD_Rst  0x0000000008001904       0x30 ./Core/Src/lcd.o
                0x0000000008001904                LCD_Rst
 .text.LCD_BackLed_Control
                0x0000000008001934       0x38 ./Core/Src/lcd.o
                0x0000000008001934                LCD_BackLed_Control
 .text.LCD_Write_Cmd
                0x000000000800196c       0x1c ./Core/Src/lcd.o
                0x000000000800196c                LCD_Write_Cmd
 .text.LCD_Write_Data
                0x0000000008001988       0x20 ./Core/Src/lcd.o
                0x0000000008001988                LCD_Write_Data
 .text.LCD_REG_Config
                0x00000000080019a8      0x234 ./Core/Src/lcd.o
                0x00000000080019a8                LCD_REG_Config
 .text.LCD_OpenWindow
                0x0000000008001bdc       0xb2 ./Core/Src/lcd.o
                0x0000000008001bdc                LCD_OpenWindow
 .text.LCD_FillColor
                0x0000000008001c8e       0x3c ./Core/Src/lcd.o
                0x0000000008001c8e                LCD_FillColor
 .text.LCD_Clear
                0x0000000008001cca       0x46 ./Core/Src/lcd.o
                0x0000000008001cca                LCD_Clear
 .text.LCD_DrawChar
                0x0000000008001d10       0x8c ./Core/Src/lcd.o
                0x0000000008001d10                LCD_DrawChar
 .text.LCD_DrawString
                0x0000000008001d9c       0x5e ./Core/Src/lcd.o
                0x0000000008001d9c                LCD_DrawString
 *fill*         0x0000000008001dfa        0x6 
 .text.main     0x0000000008001e00      0xb68 ./Core/Src/main.o
                0x0000000008001e00                main
 .text.SystemClock_Config
                0x0000000008002968       0xc6 ./Core/Src/main.o
                0x0000000008002968                SystemClock_Config
 *fill*         0x0000000008002a2e        0x2 
 .text.MX_ADC1_Init
                0x0000000008002a30       0x7c ./Core/Src/main.o
 .text.MX_DAC_Init
                0x0000000008002aac       0x54 ./Core/Src/main.o
 .text.MX_SDIO_SD_Init
                0x0000000008002b00       0x40 ./Core/Src/main.o
 .text.MX_TIM2_Init
                0x0000000008002b40       0x98 ./Core/Src/main.o
 .text.MX_TIM3_Init
                0x0000000008002bd8       0x9c ./Core/Src/main.o
 .text.MX_TIM6_Init
                0x0000000008002c74       0x6c ./Core/Src/main.o
 .text.MX_DMA_Init
                0x0000000008002ce0       0x3c ./Core/Src/main.o
 .text.MX_GPIO_Init
                0x0000000008002d1c      0x1d4 ./Core/Src/main.o
 .text.MX_FSMC_Init
                0x0000000008002ef0       0xc8 ./Core/Src/main.o
 .text.SetSampleRate
                0x0000000008002fb8       0x50 ./Core/Src/main.o
                0x0000000008002fb8                SetSampleRate
 .text.ThrowSystemError
                0x0000000008003008       0x54 ./Core/Src/main.o
                0x0000000008003008                ThrowSystemError
 .text.HAL_DAC_ConvCpltCallbackCh1
                0x000000000800305c       0x1c ./Core/Src/main.o
                0x000000000800305c                HAL_DAC_ConvCpltCallbackCh1
 .text.HAL_GPIO_EXTI_Callback
                0x0000000008003078      0xac0 ./Core/Src/main.o
                0x0000000008003078                HAL_GPIO_EXTI_Callback
 .text.Error_Handler
                0x0000000008003b38        0xa ./Core/Src/main.o
                0x0000000008003b38                Error_Handler
 *fill*         0x0000000008003b42        0x2 
 .text.HAL_MspInit
                0x0000000008003b44       0x64 ./Core/Src/stm32f1xx_hal_msp.o
                0x0000000008003b44                HAL_MspInit
 .text.HAL_ADC_MspInit
                0x0000000008003ba8       0x78 ./Core/Src/stm32f1xx_hal_msp.o
                0x0000000008003ba8                HAL_ADC_MspInit
 .text.HAL_DAC_MspInit
                0x0000000008003c20       0xd4 ./Core/Src/stm32f1xx_hal_msp.o
                0x0000000008003c20                HAL_DAC_MspInit
 .text.HAL_SD_MspInit
                0x0000000008003cf4       0xc4 ./Core/Src/stm32f1xx_hal_msp.o
                0x0000000008003cf4                HAL_SD_MspInit
 .text.HAL_TIM_Base_MspInit
                0x0000000008003db8       0xa8 ./Core/Src/stm32f1xx_hal_msp.o
                0x0000000008003db8                HAL_TIM_Base_MspInit
 .text.HAL_FSMC_MspInit
                0x0000000008003e60       0x88 ./Core/Src/stm32f1xx_hal_msp.o
 .text.HAL_SRAM_MspInit
                0x0000000008003ee8       0x14 ./Core/Src/stm32f1xx_hal_msp.o
                0x0000000008003ee8                HAL_SRAM_MspInit
 .text.NMI_Handler
                0x0000000008003efc        0x6 ./Core/Src/stm32f1xx_it.o
                0x0000000008003efc                NMI_Handler
 .text.HardFault_Handler
                0x0000000008003f02        0x6 ./Core/Src/stm32f1xx_it.o
                0x0000000008003f02                HardFault_Handler
 .text.MemManage_Handler
                0x0000000008003f08        0x6 ./Core/Src/stm32f1xx_it.o
                0x0000000008003f08                MemManage_Handler
 .text.BusFault_Handler
                0x0000000008003f0e        0x6 ./Core/Src/stm32f1xx_it.o
                0x0000000008003f0e                BusFault_Handler
 .text.UsageFault_Handler
                0x0000000008003f14        0x6 ./Core/Src/stm32f1xx_it.o
                0x0000000008003f14                UsageFault_Handler
 .text.SVC_Handler
                0x0000000008003f1a        0xc ./Core/Src/stm32f1xx_it.o
                0x0000000008003f1a                SVC_Handler
 .text.DebugMon_Handler
                0x0000000008003f26        0xc ./Core/Src/stm32f1xx_it.o
                0x0000000008003f26                DebugMon_Handler
 .text.PendSV_Handler
                0x0000000008003f32        0xc ./Core/Src/stm32f1xx_it.o
                0x0000000008003f32                PendSV_Handler
 .text.SysTick_Handler
                0x0000000008003f3e        0xc ./Core/Src/stm32f1xx_it.o
                0x0000000008003f3e                SysTick_Handler
 .text.EXTI0_IRQHandler
                0x0000000008003f4a        0xe ./Core/Src/stm32f1xx_it.o
                0x0000000008003f4a                EXTI0_IRQHandler
 .text.EXTI9_5_IRQHandler
                0x0000000008003f58       0x18 ./Core/Src/stm32f1xx_it.o
                0x0000000008003f58                EXTI9_5_IRQHandler
 .text.TIM3_IRQHandler
                0x0000000008003f70       0x14 ./Core/Src/stm32f1xx_it.o
                0x0000000008003f70                TIM3_IRQHandler
 .text.EXTI15_10_IRQHandler
                0x0000000008003f84       0x20 ./Core/Src/stm32f1xx_it.o
                0x0000000008003f84                EXTI15_10_IRQHandler
 .text.SDIO_IRQHandler
                0x0000000008003fa4       0x14 ./Core/Src/stm32f1xx_it.o
                0x0000000008003fa4                SDIO_IRQHandler
 .text.TIM6_IRQHandler
                0x0000000008003fb8       0x14 ./Core/Src/stm32f1xx_it.o
                0x0000000008003fb8                TIM6_IRQHandler
 .text.DMA2_Channel3_IRQHandler
                0x0000000008003fcc       0x14 ./Core/Src/stm32f1xx_it.o
                0x0000000008003fcc                DMA2_Channel3_IRQHandler
 .text._sbrk    0x0000000008003fe0       0x6c ./Core/Src/sysmem.o
                0x0000000008003fe0                _sbrk
 .text.SystemInit
                0x000000000800404c        0xc ./Core/Src/system_stm32f1xx.o
                0x000000000800404c                SystemInit
 .text.Reset_Handler
                0x0000000008004058       0x48 ./Core/Startup/startup_stm32f103vetx.o
                0x0000000008004058                Reset_Handler
 .text.Default_Handler
                0x00000000080040a0        0x2 ./Core/Startup/startup_stm32f103vetx.o
                0x00000000080040a0                RTC_Alarm_IRQHandler
                0x00000000080040a0                EXTI2_IRQHandler
                0x00000000080040a0                TIM8_TRG_COM_IRQHandler
                0x00000000080040a0                TIM8_CC_IRQHandler
                0x00000000080040a0                TIM1_CC_IRQHandler
                0x00000000080040a0                PVD_IRQHandler
                0x00000000080040a0                EXTI3_IRQHandler
                0x00000000080040a0                I2C2_EV_IRQHandler
                0x00000000080040a0                ADC1_2_IRQHandler
                0x00000000080040a0                SPI1_IRQHandler
                0x00000000080040a0                TAMPER_IRQHandler
                0x00000000080040a0                TIM8_UP_IRQHandler
                0x00000000080040a0                DMA2_Channel2_IRQHandler
                0x00000000080040a0                DMA1_Channel4_IRQHandler
                0x00000000080040a0                USART3_IRQHandler
                0x00000000080040a0                RTC_IRQHandler
                0x00000000080040a0                DMA1_Channel7_IRQHandler
                0x00000000080040a0                CAN1_RX1_IRQHandler
                0x00000000080040a0                UART5_IRQHandler
                0x00000000080040a0                ADC3_IRQHandler
                0x00000000080040a0                TIM4_IRQHandler
                0x00000000080040a0                DMA2_Channel1_IRQHandler
                0x00000000080040a0                I2C1_EV_IRQHandler
                0x00000000080040a0                DMA1_Channel6_IRQHandler
                0x00000000080040a0                UART4_IRQHandler
                0x00000000080040a0                RCC_IRQHandler
                0x00000000080040a0                TIM1_TRG_COM_IRQHandler
                0x00000000080040a0                DMA1_Channel1_IRQHandler
                0x00000000080040a0                Default_Handler
                0x00000000080040a0                TIM7_IRQHandler
                0x00000000080040a0                TIM5_IRQHandler
                0x00000000080040a0                SPI2_IRQHandler
                0x00000000080040a0                DMA1_Channel5_IRQHandler
                0x00000000080040a0                EXTI4_IRQHandler
                0x00000000080040a0                USB_LP_CAN1_RX0_IRQHandler
                0x00000000080040a0                USB_HP_CAN1_TX_IRQHandler
                0x00000000080040a0                DMA1_Channel3_IRQHandler
                0x00000000080040a0                FSMC_IRQHandler
                0x00000000080040a0                TIM1_UP_IRQHandler
                0x00000000080040a0                WWDG_IRQHandler
                0x00000000080040a0                TIM2_IRQHandler
                0x00000000080040a0                TIM1_BRK_IRQHandler
                0x00000000080040a0                EXTI1_IRQHandler
                0x00000000080040a0                DMA2_Channel4_5_IRQHandler
                0x00000000080040a0                USART2_IRQHandler
                0x00000000080040a0                I2C2_ER_IRQHandler
                0x00000000080040a0                DMA1_Channel2_IRQHandler
                0x00000000080040a0                TIM8_BRK_IRQHandler
                0x00000000080040a0                CAN1_SCE_IRQHandler
                0x00000000080040a0                FLASH_IRQHandler
                0x00000000080040a0                USART1_IRQHandler
                0x00000000080040a0                SPI3_IRQHandler
                0x00000000080040a0                I2C1_ER_IRQHandler
                0x00000000080040a0                USBWakeUp_IRQHandler
 *fill*         0x00000000080040a2        0x2 
 .text.HAL_Init
                0x00000000080040a4       0x2c ./Drivers/STM32F1xx_HAL_Driver/Src/stm32f1xx_hal.o
                0x00000000080040a4                HAL_Init
 .text.HAL_InitTick
                0x00000000080040d0       0x60 ./Drivers/STM32F1xx_HAL_Driver/Src/stm32f1xx_hal.o
                0x00000000080040d0                HAL_InitTick
 .text.HAL_IncTick
                0x0000000008004130       0x24 ./Drivers/STM32F1xx_HAL_Driver/Src/stm32f1xx_hal.o
                0x0000000008004130                HAL_IncTick
 .text.HAL_GetTick
                0x0000000008004154       0x14 ./Drivers/STM32F1xx_HAL_Driver/Src/stm32f1xx_hal.o
                0x0000000008004154                HAL_GetTick
 .text.HAL_Delay
                0x0000000008004168       0x48 ./Drivers/STM32F1xx_HAL_Driver/Src/stm32f1xx_hal.o
                0x0000000008004168                HAL_Delay
 .text.HAL_ADC_Init
                0x00000000080041b0      0x1d4 ./Drivers/STM32F1xx_HAL_Driver/Src/stm32f1xx_hal_adc.o
                0x00000000080041b0                HAL_ADC_Init
 .text.HAL_ADC_Start
                0x0000000008004384      0x15c ./Drivers/STM32F1xx_HAL_Driver/Src/stm32f1xx_hal_adc.o
                0x0000000008004384                HAL_ADC_Start
 .text.HAL_ADC_PollForConversion
                0x00000000080044e0      0x20c ./Drivers/STM32F1xx_HAL_Driver/Src/stm32f1xx_hal_adc.o
                0x00000000080044e0                HAL_ADC_PollForConversion
 .text.HAL_ADC_GetValue
                0x00000000080046ec       0x18 ./Drivers/STM32F1xx_HAL_Driver/Src/stm32f1xx_hal_adc.o
                0x00000000080046ec                HAL_ADC_GetValue
 .text.HAL_ADC_ConfigChannel
                0x0000000008004704      0x1f0 ./Drivers/STM32F1xx_HAL_Driver/Src/stm32f1xx_hal_adc.o
                0x0000000008004704                HAL_ADC_ConfigChannel
 .text.ADC_Enable
                0x00000000080048f4       0xb4 ./Drivers/STM32F1xx_HAL_Driver/Src/stm32f1xx_hal_adc.o
                0x00000000080048f4                ADC_Enable
 .text.ADC_ConversionStop_Disable
                0x00000000080049a8       0x82 ./Drivers/STM32F1xx_HAL_Driver/Src/stm32f1xx_hal_adc.o
                0x00000000080049a8                ADC_ConversionStop_Disable
 *fill*         0x0000000008004a2a        0x2 
 .text.HAL_ADCEx_Calibration_Start
                0x0000000008004a2c      0x158 ./Drivers/STM32F1xx_HAL_Driver/Src/stm32f1xx_hal_adc_ex.o
                0x0000000008004a2c                HAL_ADCEx_Calibration_Start
 .text.__NVIC_SetPriorityGrouping
                0x0000000008004b84       0x48 ./Drivers/STM32F1xx_HAL_Driver/Src/stm32f1xx_hal_cortex.o
 .text.__NVIC_GetPriorityGrouping
                0x0000000008004bcc       0x1c ./Drivers/STM32F1xx_HAL_Driver/Src/stm32f1xx_hal_cortex.o
 .text.__NVIC_EnableIRQ
                0x0000000008004be8       0x38 ./Drivers/STM32F1xx_HAL_Driver/Src/stm32f1xx_hal_cortex.o
 .text.__NVIC_SetPriority
                0x0000000008004c20       0x54 ./Drivers/STM32F1xx_HAL_Driver/Src/stm32f1xx_hal_cortex.o
 .text.NVIC_EncodePriority
                0x0000000008004c74       0x64 ./Drivers/STM32F1xx_HAL_Driver/Src/stm32f1xx_hal_cortex.o
 .text.SysTick_Config
                0x0000000008004cd8       0x44 ./Drivers/STM32F1xx_HAL_Driver/Src/stm32f1xx_hal_cortex.o
 .text.HAL_NVIC_SetPriorityGrouping
                0x0000000008004d1c       0x16 ./Drivers/STM32F1xx_HAL_Driver/Src/stm32f1xx_hal_cortex.o
                0x0000000008004d1c                HAL_NVIC_SetPriorityGrouping
 .text.HAL_NVIC_SetPriority
                0x0000000008004d32       0x38 ./Drivers/STM32F1xx_HAL_Driver/Src/stm32f1xx_hal_cortex.o
                0x0000000008004d32                HAL_NVIC_SetPriority
 .text.HAL_NVIC_EnableIRQ
                0x0000000008004d6a       0x1c ./Drivers/STM32F1xx_HAL_Driver/Src/stm32f1xx_hal_cortex.o
                0x0000000008004d6a                HAL_NVIC_EnableIRQ
 .text.HAL_SYSTICK_Config
                0x0000000008004d86       0x18 ./Drivers/STM32F1xx_HAL_Driver/Src/stm32f1xx_hal_cortex.o
                0x0000000008004d86                HAL_SYSTICK_Config
 .text.HAL_DAC_Init
                0x0000000008004d9e       0x44 ./Drivers/STM32F1xx_HAL_Driver/Src/stm32f1xx_hal_dac.o
                0x0000000008004d9e                HAL_DAC_Init
 .text.HAL_DAC_Start
                0x0000000008004de2       0xa2 ./Drivers/STM32F1xx_HAL_Driver/Src/stm32f1xx_hal_dac.o
                0x0000000008004de2                HAL_DAC_Start
 .text.HAL_DAC_Start_DMA
                0x0000000008004e84      0x178 ./Drivers/STM32F1xx_HAL_Driver/Src/stm32f1xx_hal_dac.o
                0x0000000008004e84                HAL_DAC_Start_DMA
 .text.HAL_DAC_Stop_DMA
                0x0000000008004ffc       0x70 ./Drivers/STM32F1xx_HAL_Driver/Src/stm32f1xx_hal_dac.o
                0x0000000008004ffc                HAL_DAC_Stop_DMA
 .text.HAL_DAC_ConvHalfCpltCallbackCh1
                0x000000000800506c       0x12 ./Drivers/STM32F1xx_HAL_Driver/Src/stm32f1xx_hal_dac.o
                0x000000000800506c                HAL_DAC_ConvHalfCpltCallbackCh1
 .text.HAL_DAC_ErrorCallbackCh1
                0x000000000800507e       0x12 ./Drivers/STM32F1xx_HAL_Driver/Src/stm32f1xx_hal_dac.o
                0x000000000800507e                HAL_DAC_ErrorCallbackCh1
 .text.HAL_DAC_ConfigChannel
                0x0000000008005090       0x9c ./Drivers/STM32F1xx_HAL_Driver/Src/stm32f1xx_hal_dac.o
                0x0000000008005090                HAL_DAC_ConfigChannel
 .text.DAC_DMAConvCpltCh1
                0x000000000800512c       0x22 ./Drivers/STM32F1xx_HAL_Driver/Src/stm32f1xx_hal_dac.o
                0x000000000800512c                DAC_DMAConvCpltCh1
 .text.DAC_DMAHalfConvCpltCh1
                0x000000000800514e       0x1c ./Drivers/STM32F1xx_HAL_Driver/Src/stm32f1xx_hal_dac.o
                0x000000000800514e                DAC_DMAHalfConvCpltCh1
 .text.DAC_DMAErrorCh1
                0x000000000800516a       0x2e ./Drivers/STM32F1xx_HAL_Driver/Src/stm32f1xx_hal_dac.o
                0x000000000800516a                DAC_DMAErrorCh1
 .text.HAL_DACEx_ConvCpltCallbackCh2
                0x0000000008005198       0x12 ./Drivers/STM32F1xx_HAL_Driver/Src/stm32f1xx_hal_dac_ex.o
                0x0000000008005198                HAL_DACEx_ConvCpltCallbackCh2
 .text.HAL_DACEx_ConvHalfCpltCallbackCh2
                0x00000000080051aa       0x12 ./Drivers/STM32F1xx_HAL_Driver/Src/stm32f1xx_hal_dac_ex.o
                0x00000000080051aa                HAL_DACEx_ConvHalfCpltCallbackCh2
 .text.HAL_DACEx_ErrorCallbackCh2
                0x00000000080051bc       0x12 ./Drivers/STM32F1xx_HAL_Driver/Src/stm32f1xx_hal_dac_ex.o
                0x00000000080051bc                HAL_DACEx_ErrorCallbackCh2
 .text.DAC_DMAConvCpltCh2
                0x00000000080051ce       0x22 ./Drivers/STM32F1xx_HAL_Driver/Src/stm32f1xx_hal_dac_ex.o
                0x00000000080051ce                DAC_DMAConvCpltCh2
 .text.DAC_DMAHalfConvCpltCh2
                0x00000000080051f0       0x1c ./Drivers/STM32F1xx_HAL_Driver/Src/stm32f1xx_hal_dac_ex.o
                0x00000000080051f0                DAC_DMAHalfConvCpltCh2
 .text.DAC_DMAErrorCh2
                0x000000000800520c       0x2e ./Drivers/STM32F1xx_HAL_Driver/Src/stm32f1xx_hal_dac_ex.o
                0x000000000800520c                DAC_DMAErrorCh2
 *fill*         0x000000000800523a        0x2 
 .text.HAL_DMA_Init
                0x000000000800523c       0xec ./Drivers/STM32F1xx_HAL_Driver/Src/stm32f1xx_hal_dma.o
                0x000000000800523c                HAL_DMA_Init
 .text.HAL_DMA_Start_IT
                0x0000000008005328       0xbe ./Drivers/STM32F1xx_HAL_Driver/Src/stm32f1xx_hal_dma.o
                0x0000000008005328                HAL_DMA_Start_IT
 .text.HAL_DMA_Abort
                0x00000000080053e6       0x74 ./Drivers/STM32F1xx_HAL_Driver/Src/stm32f1xx_hal_dma.o
                0x00000000080053e6                HAL_DMA_Abort
 *fill*         0x000000000800545a        0x2 
 .text.HAL_DMA_Abort_IT
                0x000000000800545c      0x210 ./Drivers/STM32F1xx_HAL_Driver/Src/stm32f1xx_hal_dma.o
                0x000000000800545c                HAL_DMA_Abort_IT
 .text.HAL_DMA_IRQHandler
                0x000000000800566c      0x478 ./Drivers/STM32F1xx_HAL_Driver/Src/stm32f1xx_hal_dma.o
                0x000000000800566c                HAL_DMA_IRQHandler
 .text.DMA_SetConfig
                0x0000000008005ae4       0x5a ./Drivers/STM32F1xx_HAL_Driver/Src/stm32f1xx_hal_dma.o
 *fill*         0x0000000008005b3e        0x2 
 .text.HAL_GPIO_Init
                0x0000000008005b40      0x328 ./Drivers/STM32F1xx_HAL_Driver/Src/stm32f1xx_hal_gpio.o
                0x0000000008005b40                HAL_GPIO_Init
 .text.HAL_GPIO_ReadPin
                0x0000000008005e68       0x2e ./Drivers/STM32F1xx_HAL_Driver/Src/stm32f1xx_hal_gpio.o
                0x0000000008005e68                HAL_GPIO_ReadPin
 .text.HAL_GPIO_WritePin
                0x0000000008005e96       0x30 ./Drivers/STM32F1xx_HAL_Driver/Src/stm32f1xx_hal_gpio.o
                0x0000000008005e96                HAL_GPIO_WritePin
 *fill*         0x0000000008005ec6        0x2 
 .text.HAL_GPIO_EXTI_IRQHandler
                0x0000000008005ec8       0x30 ./Drivers/STM32F1xx_HAL_Driver/Src/stm32f1xx_hal_gpio.o
                0x0000000008005ec8                HAL_GPIO_EXTI_IRQHandler
 .text.HAL_RCC_OscConfig
                0x0000000008005ef8      0x504 ./Drivers/STM32F1xx_HAL_Driver/Src/stm32f1xx_hal_rcc.o
                0x0000000008005ef8                HAL_RCC_OscConfig
 .text.HAL_RCC_ClockConfig
                0x00000000080063fc      0x1d4 ./Drivers/STM32F1xx_HAL_Driver/Src/stm32f1xx_hal_rcc.o
                0x00000000080063fc                HAL_RCC_ClockConfig
 .text.HAL_RCC_MCOConfig
                0x00000000080065d0       0x70 ./Drivers/STM32F1xx_HAL_Driver/Src/stm32f1xx_hal_rcc.o
                0x00000000080065d0                HAL_RCC_MCOConfig
 .text.HAL_RCC_GetSysClockFreq
                0x0000000008006640       0xbc ./Drivers/STM32F1xx_HAL_Driver/Src/stm32f1xx_hal_rcc.o
                0x0000000008006640                HAL_RCC_GetSysClockFreq
 .text.HAL_RCC_GetHCLKFreq
                0x00000000080066fc       0x14 ./Drivers/STM32F1xx_HAL_Driver/Src/stm32f1xx_hal_rcc.o
                0x00000000080066fc                HAL_RCC_GetHCLKFreq
 .text.HAL_RCC_GetPCLK2Freq
                0x0000000008006710       0x28 ./Drivers/STM32F1xx_HAL_Driver/Src/stm32f1xx_hal_rcc.o
                0x0000000008006710                HAL_RCC_GetPCLK2Freq
 .text.RCC_Delay
                0x0000000008006738       0x3c ./Drivers/STM32F1xx_HAL_Driver/Src/stm32f1xx_hal_rcc.o
 .text.HAL_RCCEx_PeriphCLKConfig
                0x0000000008006774      0x16c ./Drivers/STM32F1xx_HAL_Driver/Src/stm32f1xx_hal_rcc_ex.o
                0x0000000008006774                HAL_RCCEx_PeriphCLKConfig
 .text.HAL_RCCEx_GetPeriphCLKFreq
                0x00000000080068e0      0x1c8 ./Drivers/STM32F1xx_HAL_Driver/Src/stm32f1xx_hal_rcc_ex.o
                0x00000000080068e0                HAL_RCCEx_GetPeriphCLKFreq
 .text.HAL_SD_Init
                0x0000000008006aa8       0x60 ./Drivers/STM32F1xx_HAL_Driver/Src/stm32f1xx_hal_sd.o
                0x0000000008006aa8                HAL_SD_Init
 .text.HAL_SD_InitCard
                0x0000000008006b08       0xfc ./Drivers/STM32F1xx_HAL_Driver/Src/stm32f1xx_hal_sd.o
                0x0000000008006b08                HAL_SD_InitCard
 .text.HAL_SD_ReadBlocks
                0x0000000008006c04      0x3bc ./Drivers/STM32F1xx_HAL_Driver/Src/stm32f1xx_hal_sd.o
                0x0000000008006c04                HAL_SD_ReadBlocks
 .text.HAL_SD_WriteBlocks
                0x0000000008006fc0      0x30c ./Drivers/STM32F1xx_HAL_Driver/Src/stm32f1xx_hal_sd.o
                0x0000000008006fc0                HAL_SD_WriteBlocks
 .text.HAL_SD_IRQHandler
                0x00000000080072cc      0x2f0 ./Drivers/STM32F1xx_HAL_Driver/Src/stm32f1xx_hal_sd.o
                0x00000000080072cc                HAL_SD_IRQHandler
 .text.HAL_SD_ErrorCallback
                0x00000000080075bc       0x12 ./Drivers/STM32F1xx_HAL_Driver/Src/stm32f1xx_hal_sd.o
                0x00000000080075bc                HAL_SD_ErrorCallback
 *fill*         0x00000000080075ce        0x2 
 .text.HAL_SD_GetCardCSD
                0x00000000080075d0      0x348 ./Drivers/STM32F1xx_HAL_Driver/Src/stm32f1xx_hal_sd.o
                0x00000000080075d0                HAL_SD_GetCardCSD
 .text.HAL_SD_GetCardInfo
                0x0000000008007918       0x56 ./Drivers/STM32F1xx_HAL_Driver/Src/stm32f1xx_hal_sd.o
                0x0000000008007918                HAL_SD_GetCardInfo
 *fill*         0x000000000800796e        0x2 
 .text.HAL_SD_ConfigWideBusOperation
                0x0000000008007970      0x134 ./Drivers/STM32F1xx_HAL_Driver/Src/stm32f1xx_hal_sd.o
                0x0000000008007970                HAL_SD_ConfigWideBusOperation
 .text.HAL_SD_GetCardState
                0x0000000008007aa4       0x40 ./Drivers/STM32F1xx_HAL_Driver/Src/stm32f1xx_hal_sd.o
                0x0000000008007aa4                HAL_SD_GetCardState
 .text.SD_DMATxAbort
                0x0000000008007ae4       0x6e ./Drivers/STM32F1xx_HAL_Driver/Src/stm32f1xx_hal_sd.o
 .text.SD_DMARxAbort
                0x0000000008007b52       0x6e ./Drivers/STM32F1xx_HAL_Driver/Src/stm32f1xx_hal_sd.o
 .text.SD_InitCard
                0x0000000008007bc0      0x19c ./Drivers/STM32F1xx_HAL_Driver/Src/stm32f1xx_hal_sd.o
 .text.SD_PowerON
                0x0000000008007d5c      0x11c ./Drivers/STM32F1xx_HAL_Driver/Src/stm32f1xx_hal_sd.o
 .text.SD_SendStatus
                0x0000000008007e78       0x50 ./Drivers/STM32F1xx_HAL_Driver/Src/stm32f1xx_hal_sd.o
 .text.SD_WideBus_Enable
                0x0000000008007ec8       0x96 ./Drivers/STM32F1xx_HAL_Driver/Src/stm32f1xx_hal_sd.o
 .text.SD_WideBus_Disable
                0x0000000008007f5e       0x96 ./Drivers/STM32F1xx_HAL_Driver/Src/stm32f1xx_hal_sd.o
 .text.SD_FindSCR
                0x0000000008007ff4      0x1a6 ./Drivers/STM32F1xx_HAL_Driver/Src/stm32f1xx_hal_sd.o
 .text.SD_Read_IT
                0x000000000800819a       0xa2 ./Drivers/STM32F1xx_HAL_Driver/Src/stm32f1xx_hal_sd.o
 .text.SD_Write_IT
                0x000000000800823c       0xaa ./Drivers/STM32F1xx_HAL_Driver/Src/stm32f1xx_hal_sd.o
 .text.HAL_SRAM_Init
                0x00000000080082e6       0x9a ./Drivers/STM32F1xx_HAL_Driver/Src/stm32f1xx_hal_sram.o
                0x00000000080082e6                HAL_SRAM_Init
 .text.HAL_TIM_Base_Init
                0x0000000008008380       0x9e ./Drivers/STM32F1xx_HAL_Driver/Src/stm32f1xx_hal_tim.o
                0x0000000008008380                HAL_TIM_Base_Init
 *fill*         0x000000000800841e        0x2 
 .text.HAL_TIM_Base_Start
                0x0000000008008420       0xb0 ./Drivers/STM32F1xx_HAL_Driver/Src/stm32f1xx_hal_tim.o
                0x0000000008008420                HAL_TIM_Base_Start
 .text.HAL_TIM_IRQHandler
                0x00000000080084d0      0x210 ./Drivers/STM32F1xx_HAL_Driver/Src/stm32f1xx_hal_tim.o
                0x00000000080084d0                HAL_TIM_IRQHandler
 .text.HAL_TIM_ConfigClockSource
                0x00000000080086e0      0x188 ./Drivers/STM32F1xx_HAL_Driver/Src/stm32f1xx_hal_tim.o
                0x00000000080086e0                HAL_TIM_ConfigClockSource
 .text.HAL_TIM_SlaveConfigSynchro
                0x0000000008008868       0x84 ./Drivers/STM32F1xx_HAL_Driver/Src/stm32f1xx_hal_tim.o
                0x0000000008008868                HAL_TIM_SlaveConfigSynchro
 .text.HAL_TIM_PeriodElapsedCallback
                0x00000000080088ec       0x12 ./Drivers/STM32F1xx_HAL_Driver/Src/stm32f1xx_hal_tim.o
                0x00000000080088ec                HAL_TIM_PeriodElapsedCallback
 .text.HAL_TIM_OC_DelayElapsedCallback
                0x00000000080088fe       0x12 ./Drivers/STM32F1xx_HAL_Driver/Src/stm32f1xx_hal_tim.o
                0x00000000080088fe                HAL_TIM_OC_DelayElapsedCallback
 .text.HAL_TIM_IC_CaptureCallback
                0x0000000008008910       0x12 ./Drivers/STM32F1xx_HAL_Driver/Src/stm32f1xx_hal_tim.o
                0x0000000008008910                HAL_TIM_IC_CaptureCallback
 .text.HAL_TIM_PWM_PulseFinishedCallback
                0x0000000008008922       0x12 ./Drivers/STM32F1xx_HAL_Driver/Src/stm32f1xx_hal_tim.o
                0x0000000008008922                HAL_TIM_PWM_PulseFinishedCallback
 .text.HAL_TIM_TriggerCallback
                0x0000000008008934       0x12 ./Drivers/STM32F1xx_HAL_Driver/Src/stm32f1xx_hal_tim.o
                0x0000000008008934                HAL_TIM_TriggerCallback
 *fill*         0x0000000008008946        0x2 
 .text.TIM_Base_SetConfig
                0x0000000008008948       0xf4 ./Drivers/STM32F1xx_HAL_Driver/Src/stm32f1xx_hal_tim.o
                0x0000000008008948                TIM_Base_SetConfig
 .text.TIM_SlaveTimer_SetConfig
                0x0000000008008a3c      0x11c ./Drivers/STM32F1xx_HAL_Driver/Src/stm32f1xx_hal_tim.o
 .text.TIM_TI1_ConfigInputStage
                0x0000000008008b58       0x5c ./Drivers/STM32F1xx_HAL_Driver/Src/stm32f1xx_hal_tim.o
 .text.TIM_TI2_ConfigInputStage
                0x0000000008008bb4       0x5e ./Drivers/STM32F1xx_HAL_Driver/Src/stm32f1xx_hal_tim.o
 .text.TIM_ITRx_SetConfig
                0x0000000008008c12       0x34 ./Drivers/STM32F1xx_HAL_Driver/Src/stm32f1xx_hal_tim.o
 .text.TIM_ETR_SetConfig
                0x0000000008008c46       0x3e ./Drivers/STM32F1xx_HAL_Driver/Src/stm32f1xx_hal_tim.o
                0x0000000008008c46                TIM_ETR_SetConfig
 .text.HAL_TIMEx_MasterConfigSynchronization
                0x0000000008008c84       0xd8 ./Drivers/STM32F1xx_HAL_Driver/Src/stm32f1xx_hal_tim_ex.o
                0x0000000008008c84                HAL_TIMEx_MasterConfigSynchronization
 .text.HAL_TIMEx_CommutCallback
                0x0000000008008d5c       0x12 ./Drivers/STM32F1xx_HAL_Driver/Src/stm32f1xx_hal_tim_ex.o
                0x0000000008008d5c                HAL_TIMEx_CommutCallback
 .text.HAL_TIMEx_BreakCallback
                0x0000000008008d6e       0x12 ./Drivers/STM32F1xx_HAL_Driver/Src/stm32f1xx_hal_tim_ex.o
                0x0000000008008d6e                HAL_TIMEx_BreakCallback
 .text.FSMC_NORSRAM_Init
                0x0000000008008d80       0xd4 ./Drivers/STM32F1xx_HAL_Driver/Src/stm32f1xx_ll_fsmc.o
                0x0000000008008d80                FSMC_NORSRAM_Init
 .text.FSMC_NORSRAM_Timing_Init
                0x0000000008008e54       0x68 ./Drivers/STM32F1xx_HAL_Driver/Src/stm32f1xx_ll_fsmc.o
                0x0000000008008e54                FSMC_NORSRAM_Timing_Init
 .text.FSMC_NORSRAM_Extended_Timing_Init
                0x0000000008008ebc       0x70 ./Drivers/STM32F1xx_HAL_Driver/Src/stm32f1xx_ll_fsmc.o
                0x0000000008008ebc                FSMC_NORSRAM_Extended_Timing_Init
 .text.SDIO_Init
                0x0000000008008f2c       0x54 ./Drivers/STM32F1xx_HAL_Driver/Src/stm32f1xx_ll_sdmmc.o
                0x0000000008008f2c                SDIO_Init
 .text.SDIO_ReadFIFO
                0x0000000008008f80       0x18 ./Drivers/STM32F1xx_HAL_Driver/Src/stm32f1xx_ll_sdmmc.o
                0x0000000008008f80                SDIO_ReadFIFO
 .text.SDIO_WriteFIFO
                0x0000000008008f98       0x20 ./Drivers/STM32F1xx_HAL_Driver/Src/stm32f1xx_ll_sdmmc.o
                0x0000000008008f98                SDIO_WriteFIFO
 .text.SDIO_PowerState_ON
                0x0000000008008fb8       0x1e ./Drivers/STM32F1xx_HAL_Driver/Src/stm32f1xx_ll_sdmmc.o
                0x0000000008008fb8                SDIO_PowerState_ON
 .text.SDIO_GetPowerState
                0x0000000008008fd6       0x1a ./Drivers/STM32F1xx_HAL_Driver/Src/stm32f1xx_ll_sdmmc.o
                0x0000000008008fd6                SDIO_GetPowerState
 .text.SDIO_SendCommand
                0x0000000008008ff0       0x52 ./Drivers/STM32F1xx_HAL_Driver/Src/stm32f1xx_ll_sdmmc.o
                0x0000000008008ff0                SDIO_SendCommand
 .text.SDIO_GetCommandResponse
                0x0000000008009042       0x18 ./Drivers/STM32F1xx_HAL_Driver/Src/stm32f1xx_ll_sdmmc.o
                0x0000000008009042                SDIO_GetCommandResponse
 .text.SDIO_GetResponse
                0x000000000800905a       0x24 ./Drivers/STM32F1xx_HAL_Driver/Src/stm32f1xx_ll_sdmmc.o
                0x000000000800905a                SDIO_GetResponse
 .text.SDIO_ConfigData
                0x000000000800907e       0x56 ./Drivers/STM32F1xx_HAL_Driver/Src/stm32f1xx_ll_sdmmc.o
                0x000000000800907e                SDIO_ConfigData
 .text.SDMMC_CmdBlockLength
                0x00000000080090d4       0x44 ./Drivers/STM32F1xx_HAL_Driver/Src/stm32f1xx_ll_sdmmc.o
                0x00000000080090d4                SDMMC_CmdBlockLength
 .text.SDMMC_CmdReadSingleBlock
                0x0000000008009118       0x44 ./Drivers/STM32F1xx_HAL_Driver/Src/stm32f1xx_ll_sdmmc.o
                0x0000000008009118                SDMMC_CmdReadSingleBlock
 .text.SDMMC_CmdReadMultiBlock
                0x000000000800915c       0x44 ./Drivers/STM32F1xx_HAL_Driver/Src/stm32f1xx_ll_sdmmc.o
                0x000000000800915c                SDMMC_CmdReadMultiBlock
 .text.SDMMC_CmdWriteSingleBlock
                0x00000000080091a0       0x44 ./Drivers/STM32F1xx_HAL_Driver/Src/stm32f1xx_ll_sdmmc.o
                0x00000000080091a0                SDMMC_CmdWriteSingleBlock
 .text.SDMMC_CmdWriteMultiBlock
                0x00000000080091e4       0x44 ./Drivers/STM32F1xx_HAL_Driver/Src/stm32f1xx_ll_sdmmc.o
                0x00000000080091e4                SDMMC_CmdWriteMultiBlock
 .text.SDMMC_CmdStopTransfer
                0x0000000008009228       0x44 ./Drivers/STM32F1xx_HAL_Driver/Src/stm32f1xx_ll_sdmmc.o
                0x0000000008009228                SDMMC_CmdStopTransfer
 .text.SDMMC_CmdSelDesel
                0x000000000800926c       0x46 ./Drivers/STM32F1xx_HAL_Driver/Src/stm32f1xx_ll_sdmmc.o
                0x000000000800926c                SDMMC_CmdSelDesel
 .text.SDMMC_CmdGoIdleState
                0x00000000080092b2       0x3c ./Drivers/STM32F1xx_HAL_Driver/Src/stm32f1xx_ll_sdmmc.o
                0x00000000080092b2                SDMMC_CmdGoIdleState
 .text.SDMMC_CmdOperCond
                0x00000000080092ee       0x3e ./Drivers/STM32F1xx_HAL_Driver/Src/stm32f1xx_ll_sdmmc.o
                0x00000000080092ee                SDMMC_CmdOperCond
 .text.SDMMC_CmdAppCommand
                0x000000000800932c       0x44 ./Drivers/STM32F1xx_HAL_Driver/Src/stm32f1xx_ll_sdmmc.o
                0x000000000800932c                SDMMC_CmdAppCommand
 .text.SDMMC_CmdAppOperCommand
                0x0000000008009370       0x46 ./Drivers/STM32F1xx_HAL_Driver/Src/stm32f1xx_ll_sdmmc.o
                0x0000000008009370                SDMMC_CmdAppOperCommand
 .text.SDMMC_CmdBusWidth
                0x00000000080093b6       0x44 ./Drivers/STM32F1xx_HAL_Driver/Src/stm32f1xx_ll_sdmmc.o
                0x00000000080093b6                SDMMC_CmdBusWidth
 .text.SDMMC_CmdSendSCR
                0x00000000080093fa       0x42 ./Drivers/STM32F1xx_HAL_Driver/Src/stm32f1xx_ll_sdmmc.o
                0x00000000080093fa                SDMMC_CmdSendSCR
 .text.SDMMC_CmdSendCID
                0x000000000800943c       0x3c ./Drivers/STM32F1xx_HAL_Driver/Src/stm32f1xx_ll_sdmmc.o
                0x000000000800943c                SDMMC_CmdSendCID
 .text.SDMMC_CmdSendCSD
                0x0000000008009478       0x3e ./Drivers/STM32F1xx_HAL_Driver/Src/stm32f1xx_ll_sdmmc.o
                0x0000000008009478                SDMMC_CmdSendCSD
 .text.SDMMC_CmdSetRelAdd
                0x00000000080094b6       0x42 ./Drivers/STM32F1xx_HAL_Driver/Src/stm32f1xx_ll_sdmmc.o
                0x00000000080094b6                SDMMC_CmdSetRelAdd
 .text.SDMMC_CmdSendStatus
                0x00000000080094f8       0x44 ./Drivers/STM32F1xx_HAL_Driver/Src/stm32f1xx_ll_sdmmc.o
                0x00000000080094f8                SDMMC_CmdSendStatus
 .text.SDMMC_GetCmdError
                0x000000000800953c       0x54 ./Drivers/STM32F1xx_HAL_Driver/Src/stm32f1xx_ll_sdmmc.o
 .text.SDMMC_GetCmdResp1
                0x0000000008009590      0x1dc ./Drivers/STM32F1xx_HAL_Driver/Src/stm32f1xx_ll_sdmmc.o
 .text.SDMMC_GetCmdResp2
                0x000000000800976c       0x90 ./Drivers/STM32F1xx_HAL_Driver/Src/stm32f1xx_ll_sdmmc.o
 .text.SDMMC_GetCmdResp3
                0x00000000080097fc       0x78 ./Drivers/STM32F1xx_HAL_Driver/Src/stm32f1xx_ll_sdmmc.o
 .text.SDMMC_GetCmdResp6
                0x0000000008009874       0xec ./Drivers/STM32F1xx_HAL_Driver/Src/stm32f1xx_ll_sdmmc.o
 .text.SDMMC_GetCmdResp7
                0x0000000008009960       0x9c ./Drivers/STM32F1xx_HAL_Driver/Src/stm32f1xx_ll_sdmmc.o
 .text.MX_FATFS_Init
                0x00000000080099fc       0x24 ./FATFS/App/fatfs.o
                0x00000000080099fc                MX_FATFS_Init
 .text.get_fattime
                0x0000000008009a20        0xe ./FATFS/App/fatfs.o
                0x0000000008009a20                get_fattime
 *fill*         0x0000000008009a2e        0x2 
 .text.BSP_SD_Init
                0x0000000008009a30       0x4c ./FATFS/Target/bsp_driver_sd.o
                0x0000000008009a30                BSP_SD_Init
 .text.BSP_SD_ReadBlocks
                0x0000000008009a7c       0x3c ./FATFS/Target/bsp_driver_sd.o
                0x0000000008009a7c                BSP_SD_ReadBlocks
 .text.BSP_SD_WriteBlocks
                0x0000000008009ab8       0x3c ./FATFS/Target/bsp_driver_sd.o
                0x0000000008009ab8                BSP_SD_WriteBlocks
 .text.BSP_SD_GetCardState
                0x0000000008009af4       0x20 ./FATFS/Target/bsp_driver_sd.o
                0x0000000008009af4                BSP_SD_GetCardState
 .text.BSP_SD_GetCardInfo
                0x0000000008009b14       0x1c ./FATFS/Target/bsp_driver_sd.o
                0x0000000008009b14                BSP_SD_GetCardInfo
 .text.HAL_SD_AbortCallback
                0x0000000008009b30       0x14 ./FATFS/Target/bsp_driver_sd.o
                0x0000000008009b30                HAL_SD_AbortCallback
 .text.HAL_SD_TxCpltCallback
                0x0000000008009b44       0x14 ./FATFS/Target/bsp_driver_sd.o
                0x0000000008009b44                HAL_SD_TxCpltCallback
 .text.HAL_SD_RxCpltCallback
                0x0000000008009b58       0x14 ./FATFS/Target/bsp_driver_sd.o
                0x0000000008009b58                HAL_SD_RxCpltCallback
 .text.BSP_SD_AbortCallback
                0x0000000008009b6c        0xc ./FATFS/Target/bsp_driver_sd.o
                0x0000000008009b6c                BSP_SD_AbortCallback
 .text.BSP_SD_WriteCpltCallback
                0x0000000008009b78        0xc ./FATFS/Target/bsp_driver_sd.o
                0x0000000008009b78                BSP_SD_WriteCpltCallback
 .text.BSP_SD_ReadCpltCallback
                0x0000000008009b84        0xc ./FATFS/Target/bsp_driver_sd.o
                0x0000000008009b84                BSP_SD_ReadCpltCallback
 .text.BSP_SD_IsDetected
                0x0000000008009b90       0x24 ./FATFS/Target/bsp_driver_sd.o
                0x0000000008009b90                BSP_SD_IsDetected
 .text.BSP_PlatformIsDetected
                0x0000000008009bb4       0x2c ./FATFS/Target/fatfs_platform.o
                0x0000000008009bb4                BSP_PlatformIsDetected
 .text.disk_status
                0x0000000008009be0       0x34 ./Middlewares/Third_Party/FatFs/src/diskio.o
                0x0000000008009be0                disk_status
 .text.disk_initialize
                0x0000000008009c14       0x4c ./Middlewares/Third_Party/FatFs/src/diskio.o
                0x0000000008009c14                disk_initialize
 .text.disk_read
                0x0000000008009c60       0x40 ./Middlewares/Third_Party/FatFs/src/diskio.o
                0x0000000008009c60                disk_read
 .text.disk_write
                0x0000000008009ca0       0x40 ./Middlewares/Third_Party/FatFs/src/diskio.o
                0x0000000008009ca0                disk_write
 .text.disk_ioctl
                0x0000000008009ce0       0x3c ./Middlewares/Third_Party/FatFs/src/diskio.o
                0x0000000008009ce0                disk_ioctl
 .text.mem_cpy  0x0000000008009d1c       0x3c ./Middlewares/Third_Party/FatFs/src/ff.o
 .text.mem_set  0x0000000008009d58       0x34 ./Middlewares/Third_Party/FatFs/src/ff.o
 .text.mem_cmp  0x0000000008009d8c       0x4c ./Middlewares/Third_Party/FatFs/src/ff.o
 .text.chk_chr  0x0000000008009dd8       0x34 ./Middlewares/Third_Party/FatFs/src/ff.o
 .text.chk_lock
                0x0000000008009e0c       0xd8 ./Middlewares/Third_Party/FatFs/src/ff.o
 .text.enq_lock
                0x0000000008009ee4       0x48 ./Middlewares/Third_Party/FatFs/src/ff.o
 .text.inc_lock
                0x0000000008009f2c      0x16c ./Middlewares/Third_Party/FatFs/src/ff.o
 .text.dec_lock
                0x000000000800a098       0x88 ./Middlewares/Third_Party/FatFs/src/ff.o
 .text.clear_lock
                0x000000000800a120       0x54 ./Middlewares/Third_Party/FatFs/src/ff.o
 .text.sync_window
                0x000000000800a174       0x92 ./Middlewares/Third_Party/FatFs/src/ff.o
 .text.move_window
                0x000000000800a206       0x5c ./Middlewares/Third_Party/FatFs/src/ff.o
 .text.sync_fs  0x000000000800a262      0x15a ./Middlewares/Third_Party/FatFs/src/ff.o
 .text.clust2sect
                0x000000000800a3bc       0x42 ./Middlewares/Third_Party/FatFs/src/ff.o
                0x000000000800a3bc                clust2sect
 .text.get_fat  0x000000000800a3fe      0x174 ./Middlewares/Third_Party/FatFs/src/ff.o
                0x000000000800a3fe                get_fat
 .text.put_fat  0x000000000800a572      0x21c ./Middlewares/Third_Party/FatFs/src/ff.o
                0x000000000800a572                put_fat
 .text.remove_chain
                0x000000000800a78e       0xb4 ./Middlewares/Third_Party/FatFs/src/ff.o
 .text.create_chain
                0x000000000800a842      0x13a ./Middlewares/Third_Party/FatFs/src/ff.o
 .text.clmt_clust
                0x000000000800a97c       0x68 ./Middlewares/Third_Party/FatFs/src/ff.o
 .text.dir_sdi  0x000000000800a9e4      0x128 ./Middlewares/Third_Party/FatFs/src/ff.o
 .text.dir_next
                0x000000000800ab0c      0x1ee ./Middlewares/Third_Party/FatFs/src/ff.o
 .text.dir_alloc
                0x000000000800acfa       0x94 ./Middlewares/Third_Party/FatFs/src/ff.o
 .text.ld_clust
                0x000000000800ad8e       0x5a ./Middlewares/Third_Party/FatFs/src/ff.o
 .text.st_clust
                0x000000000800ade8       0x4c ./Middlewares/Third_Party/FatFs/src/ff.o
 .text.dir_find
                0x000000000800ae34       0x9e ./Middlewares/Third_Party/FatFs/src/ff.o
 .text.dir_read
                0x000000000800aed2       0xbe ./Middlewares/Third_Party/FatFs/src/ff.o
 .text.dir_register
                0x000000000800af90       0x72 ./Middlewares/Third_Party/FatFs/src/ff.o
 .text.get_fileinfo
                0x000000000800b002       0xe0 ./Middlewares/Third_Party/FatFs/src/ff.o
 *fill*         0x000000000800b0e2        0x2 
 .text.create_name
                0x000000000800b0e4      0x180 ./Middlewares/Third_Party/FatFs/src/ff.o
 .text.follow_path
                0x000000000800b264       0xdc ./Middlewares/Third_Party/FatFs/src/ff.o
 .text.get_ldnumber
                0x000000000800b340       0x86 ./Middlewares/Third_Party/FatFs/src/ff.o
 *fill*         0x000000000800b3c6        0x2 
 .text.check_fs
                0x000000000800b3c8       0xd4 ./Middlewares/Third_Party/FatFs/src/ff.o
 .text.find_volume
                0x000000000800b49c      0x590 ./Middlewares/Third_Party/FatFs/src/ff.o
 .text.validate
                0x000000000800ba2c       0x66 ./Middlewares/Third_Party/FatFs/src/ff.o
 *fill*         0x000000000800ba92        0x2 
 .text.f_mount  0x000000000800ba94       0x90 ./Middlewares/Third_Party/FatFs/src/ff.o
                0x000000000800ba94                f_mount
 .text.f_open   0x000000000800bb24      0x4f2 ./Middlewares/Third_Party/FatFs/src/ff.o
                0x000000000800bb24                f_open
 .text.f_read   0x000000000800c016      0x2d6 ./Middlewares/Third_Party/FatFs/src/ff.o
                0x000000000800c016                f_read
 .text.f_sync   0x000000000800c2ec      0x174 ./Middlewares/Third_Party/FatFs/src/ff.o
                0x000000000800c2ec                f_sync
 .text.f_close  0x000000000800c460       0x50 ./Middlewares/Third_Party/FatFs/src/ff.o
                0x000000000800c460                f_close
 .text.f_lseek  0x000000000800c4b0      0x4bc ./Middlewares/Third_Party/FatFs/src/ff.o
                0x000000000800c4b0                f_lseek
 .text.f_opendir
                0x000000000800c96c      0x104 ./Middlewares/Third_Party/FatFs/src/ff.o
                0x000000000800c96c                f_opendir
 .text.f_closedir
                0x000000000800ca70       0x4a ./Middlewares/Third_Party/FatFs/src/ff.o
                0x000000000800ca70                f_closedir
 .text.f_readdir
                0x000000000800caba       0x8c ./Middlewares/Third_Party/FatFs/src/ff.o
                0x000000000800caba                f_readdir
 *fill*         0x000000000800cb46        0x2 
 .text.FATFS_LinkDriverEx
                0x000000000800cb48       0x94 ./Middlewares/Third_Party/FatFs/src/ff_gen_drv.o
                0x000000000800cb48                FATFS_LinkDriverEx
 .text.FATFS_LinkDriver
                0x000000000800cbdc       0x1e ./Middlewares/Third_Party/FatFs/src/ff_gen_drv.o
                0x000000000800cbdc                FATFS_LinkDriver
 *fill*         0x000000000800cbfa        0x2 
 .text.SD_initialize
                0x000000000800cbfc       0x3c ./Middlewares/Third_Party/FatFs/src/drivers/sd_diskio.o
                0x000000000800cbfc                SD_initialize
 .text.SD_status
                0x000000000800cc38       0x3c ./Middlewares/Third_Party/FatFs/src/drivers/sd_diskio.o
                0x000000000800cc38                SD_status
 .text.SD_read  0x000000000800cc74       0x5c ./Middlewares/Third_Party/FatFs/src/drivers/sd_diskio.o
                0x000000000800cc74                SD_read
 .text.SD_write
                0x000000000800ccd0       0x5c ./Middlewares/Third_Party/FatFs/src/drivers/sd_diskio.o
                0x000000000800ccd0                SD_write
 .text.SD_ioctl
                0x000000000800cd2c       0xac ./Middlewares/Third_Party/FatFs/src/drivers/sd_diskio.o
                0x000000000800cd2c                SD_ioctl
 .text.__errno  0x000000000800cdd8        0xc e:/program files/stm32cubeide_1.9.0/stm32cubeide/plugins/com.st.stm32cube.ide.mcu.externaltools.gnu-tools-for-stm32.10.3-2021.10.win32_1.0.0.202111181127/tools/bin/../lib/gcc/arm-none-eabi/10.3.1/../../../../arm-none-eabi/lib/thumb/v7-m/nofp\libc_nano.a(lib_a-errno.o)
                0x000000000800cdd8                __errno
 .text.__libc_init_array
                0x000000000800cde4       0x48 e:/program files/stm32cubeide_1.9.0/stm32cubeide/plugins/com.st.stm32cube.ide.mcu.externaltools.gnu-tools-for-stm32.10.3-2021.10.win32_1.0.0.202111181127/tools/bin/../lib/gcc/arm-none-eabi/10.3.1/../../../../arm-none-eabi/lib/thumb/v7-m/nofp\libc_nano.a(lib_a-init.o)
                0x000000000800cde4                __libc_init_array
 .text.memset   0x000000000800ce2c       0x10 e:/program files/stm32cubeide_1.9.0/stm32cubeide/plugins/com.st.stm32cube.ide.mcu.externaltools.gnu-tools-for-stm32.10.3-2021.10.win32_1.0.0.202111181127/tools/bin/../lib/gcc/arm-none-eabi/10.3.1/../../../../arm-none-eabi/lib/thumb/v7-m/nofp\libc_nano.a(lib_a-memset.o)
                0x000000000800ce2c                memset
 .text.sprintf  0x000000000800ce3c       0x40 e:/program files/stm32cubeide_1.9.0/stm32cubeide/plugins/com.st.stm32cube.ide.mcu.externaltools.gnu-tools-for-stm32.10.3-2021.10.win32_1.0.0.202111181127/tools/bin/../lib/gcc/arm-none-eabi/10.3.1/../../../../arm-none-eabi/lib/thumb/v7-m/nofp\libc_nano.a(lib_a-sprintf.o)
                0x000000000800ce3c                siprintf
                0x000000000800ce3c                sprintf
 .text.strncmp  0x000000000800ce7c       0x28 e:/program files/stm32cubeide_1.9.0/stm32cubeide/plugins/com.st.stm32cube.ide.mcu.externaltools.gnu-tools-for-stm32.10.3-2021.10.win32_1.0.0.202111181127/tools/bin/../lib/gcc/arm-none-eabi/10.3.1/../../../../arm-none-eabi/lib/thumb/v7-m/nofp\libc_nano.a(lib_a-strncmp.o)
                0x000000000800ce7c                strncmp
 .text.strstr   0x000000000800cea4       0x2c e:/program files/stm32cubeide_1.9.0/stm32cubeide/plugins/com.st.stm32cube.ide.mcu.externaltools.gnu-tools-for-stm32.10.3-2021.10.win32_1.0.0.202111181127/tools/bin/../lib/gcc/arm-none-eabi/10.3.1/../../../../arm-none-eabi/lib/thumb/v7-m/nofp\libc_nano.a(lib_a-strstr.o)
                0x000000000800cea4                strstr
 .text.__ssputs_r
                0x000000000800ced0       0xb6 e:/program files/stm32cubeide_1.9.0/stm32cubeide/plugins/com.st.stm32cube.ide.mcu.externaltools.gnu-tools-for-stm32.10.3-2021.10.win32_1.0.0.202111181127/tools/bin/../lib/gcc/arm-none-eabi/10.3.1/../../../../arm-none-eabi/lib/thumb/v7-m/nofp\libc_nano.a(lib_a-nano-svfprintf.o)
                0x000000000800ced0                __ssputs_r
 *fill*         0x000000000800cf86        0x2 
 .text._svfprintf_r
                0x000000000800cf88      0x200 e:/program files/stm32cubeide_1.9.0/stm32cubeide/plugins/com.st.stm32cube.ide.mcu.externaltools.gnu-tools-for-stm32.10.3-2021.10.win32_1.0.0.202111181127/tools/bin/../lib/gcc/arm-none-eabi/10.3.1/../../../../arm-none-eabi/lib/thumb/v7-m/nofp\libc_nano.a(lib_a-nano-svfprintf.o)
                0x000000000800cf88                _svfiprintf_r
                0x000000000800cf88                _svfprintf_r
 .text._printf_common
                0x000000000800d188       0xde e:/program files/stm32cubeide_1.9.0/stm32cubeide/plugins/com.st.stm32cube.ide.mcu.externaltools.gnu-tools-for-stm32.10.3-2021.10.win32_1.0.0.202111181127/tools/bin/../lib/gcc/arm-none-eabi/10.3.1/../../../../arm-none-eabi/lib/thumb/v7-m/nofp\libc_nano.a(lib_a-nano-vfprintf_i.o)
                0x000000000800d188                _printf_common
 *fill*         0x000000000800d266        0x2 
 .text._printf_i
                0x000000000800d268      0x24c e:/program files/stm32cubeide_1.9.0/stm32cubeide/plugins/com.st.stm32cube.ide.mcu.externaltools.gnu-tools-for-stm32.10.3-2021.10.win32_1.0.0.202111181127/tools/bin/../lib/gcc/arm-none-eabi/10.3.1/../../../../arm-none-eabi/lib/thumb/v7-m/nofp\libc_nano.a(lib_a-nano-vfprintf_i.o)
                0x000000000800d268                _printf_i
 .text.memchr   0x000000000800d4b4       0x1c e:/program files/stm32cubeide_1.9.0/stm32cubeide/plugins/com.st.stm32cube.ide.mcu.externaltools.gnu-tools-for-stm32.10.3-2021.10.win32_1.0.0.202111181127/tools/bin/../lib/gcc/arm-none-eabi/10.3.1/../../../../arm-none-eabi/lib/thumb/v7-m/nofp\libc_nano.a(lib_a-memchr-stub.o)
                0x000000000800d4b4                memchr
 .text.memcpy   0x000000000800d4d0       0x1c e:/program files/stm32cubeide_1.9.0/stm32cubeide/plugins/com.st.stm32cube.ide.mcu.externaltools.gnu-tools-for-stm32.10.3-2021.10.win32_1.0.0.202111181127/tools/bin/../lib/gcc/arm-none-eabi/10.3.1/../../../../arm-none-eabi/lib/thumb/v7-m/nofp\libc_nano.a(lib_a-memcpy-stub.o)
                0x000000000800d4d0                memcpy
 .text.memmove  0x000000000800d4ec       0x34 e:/program files/stm32cubeide_1.9.0/stm32cubeide/plugins/com.st.stm32cube.ide.mcu.externaltools.gnu-tools-for-stm32.10.3-2021.10.win32_1.0.0.202111181127/tools/bin/../lib/gcc/arm-none-eabi/10.3.1/../../../../arm-none-eabi/lib/thumb/v7-m/nofp\libc_nano.a(lib_a-memmove.o)
                0x000000000800d4ec                memmove
 .text._free_r  0x000000000800d520       0x90 e:/program files/stm32cubeide_1.9.0/stm32cubeide/plugins/com.st.stm32cube.ide.mcu.externaltools.gnu-tools-for-stm32.10.3-2021.10.win32_1.0.0.202111181127/tools/bin/../lib/gcc/arm-none-eabi/10.3.1/../../../../arm-none-eabi/lib/thumb/v7-m/nofp\libc_nano.a(lib_a-nano-freer.o)
                0x000000000800d520                _free_r
 .text.sbrk_aligned
                0x000000000800d5b0       0x40 e:/program files/stm32cubeide_1.9.0/stm32cubeide/plugins/com.st.stm32cube.ide.mcu.externaltools.gnu-tools-for-stm32.10.3-2021.10.win32_1.0.0.202111181127/tools/bin/../lib/gcc/arm-none-eabi/10.3.1/../../../../arm-none-eabi/lib/thumb/v7-m/nofp\libc_nano.a(lib_a-nano-mallocr.o)
 .text._malloc_r
                0x000000000800d5f0       0xe8 e:/program files/stm32cubeide_1.9.0/stm32cubeide/plugins/com.st.stm32cube.ide.mcu.externaltools.gnu-tools-for-stm32.10.3-2021.10.win32_1.0.0.202111181127/tools/bin/../lib/gcc/arm-none-eabi/10.3.1/../../../../arm-none-eabi/lib/thumb/v7-m/nofp\libc_nano.a(lib_a-nano-mallocr.o)
                0x000000000800d5f0                _malloc_r
 .text._realloc_r
                0x000000000800d6d8       0x5e e:/program files/stm32cubeide_1.9.0/stm32cubeide/plugins/com.st.stm32cube.ide.mcu.externaltools.gnu-tools-for-stm32.10.3-2021.10.win32_1.0.0.202111181127/tools/bin/../lib/gcc/arm-none-eabi/10.3.1/../../../../arm-none-eabi/lib/thumb/v7-m/nofp\libc_nano.a(lib_a-nano-reallocr.o)
                0x000000000800d6d8                _realloc_r
 *fill*         0x000000000800d736        0x2 
 .text._sbrk_r  0x000000000800d738       0x20 e:/program files/stm32cubeide_1.9.0/stm32cubeide/plugins/com.st.stm32cube.ide.mcu.externaltools.gnu-tools-for-stm32.10.3-2021.10.win32_1.0.0.202111181127/tools/bin/../lib/gcc/arm-none-eabi/10.3.1/../../../../arm-none-eabi/lib/thumb/v7-m/nofp\libc_nano.a(lib_a-sbrkr.o)
                0x000000000800d738                _sbrk_r
 .text.__malloc_lock
                0x000000000800d758        0xc e:/program files/stm32cubeide_1.9.0/stm32cubeide/plugins/com.st.stm32cube.ide.mcu.externaltools.gnu-tools-for-stm32.10.3-2021.10.win32_1.0.0.202111181127/tools/bin/../lib/gcc/arm-none-eabi/10.3.1/../../../../arm-none-eabi/lib/thumb/v7-m/nofp\libc_nano.a(lib_a-mlock.o)
                0x000000000800d758                __malloc_lock
 .text.__malloc_unlock
                0x000000000800d764        0xc e:/program files/stm32cubeide_1.9.0/stm32cubeide/plugins/com.st.stm32cube.ide.mcu.externaltools.gnu-tools-for-stm32.10.3-2021.10.win32_1.0.0.202111181127/tools/bin/../lib/gcc/arm-none-eabi/10.3.1/../../../../arm-none-eabi/lib/thumb/v7-m/nofp\libc_nano.a(lib_a-mlock.o)
                0x000000000800d764                __malloc_unlock
 .text._malloc_usable_size_r
                0x000000000800d770       0x10 e:/program files/stm32cubeide_1.9.0/stm32cubeide/plugins/com.st.stm32cube.ide.mcu.externaltools.gnu-tools-for-stm32.10.3-2021.10.win32_1.0.0.202111181127/tools/bin/../lib/gcc/arm-none-eabi/10.3.1/../../../../arm-none-eabi/lib/thumb/v7-m/nofp\libc_nano.a(lib_a-nano-msizer.o)
                0x000000000800d770                _malloc_usable_size_r
 .text.__retarget_lock_acquire_recursive
                0x000000000800d780        0x2 e:/program files/stm32cubeide_1.9.0/stm32cubeide/plugins/com.st.stm32cube.ide.mcu.externaltools.gnu-tools-for-stm32.10.3-2021.10.win32_1.0.0.202111181127/tools/bin/../lib/gcc/arm-none-eabi/10.3.1/../../../../arm-none-eabi/lib/thumb/v7-m/nofp\libc_nano.a(lib_a-lock.o)
                0x000000000800d780                __retarget_lock_acquire_recursive
 .text.__retarget_lock_release_recursive
                0x000000000800d782        0x2 e:/program files/stm32cubeide_1.9.0/stm32cubeide/plugins/com.st.stm32cube.ide.mcu.externaltools.gnu-tools-for-stm32.10.3-2021.10.win32_1.0.0.202111181127/tools/bin/../lib/gcc/arm-none-eabi/10.3.1/../../../../arm-none-eabi/lib/thumb/v7-m/nofp\libc_nano.a(lib_a-lock.o)
                0x000000000800d782                __retarget_lock_release_recursive
 .text.roundf   0x000000000800d784       0x4c e:/program files/stm32cubeide_1.9.0/stm32cubeide/plugins/com.st.stm32cube.ide.mcu.externaltools.gnu-tools-for-stm32.10.3-2021.10.win32_1.0.0.202111181127/tools/bin/../lib/gcc/arm-none-eabi/10.3.1/../../../../arm-none-eabi/lib/thumb/v7-m/nofp\libm.a(lib_a-sf_round.o)
                0x000000000800d784                roundf
 *(.glue_7)
 .glue_7        0x000000000800d7d0        0x0 linker stubs
 *(.glue_7t)
 .glue_7t       0x000000000800d7d0        0x0 linker stubs
 *(.eh_frame)
 .eh_frame      0x000000000800d7d0        0x0 e:/program files/stm32cubeide_1.9.0/stm32cubeide/plugins/com.st.stm32cube.ide.mcu.externaltools.gnu-tools-for-stm32.10.3-2021.10.win32_1.0.0.202111181127/tools/bin/../lib/gcc/arm-none-eabi/10.3.1/thumb/v7-m/nofp/crtbegin.o
 *(.init)
 .init          0x000000000800d7d0        0x4 e:/program files/stm32cubeide_1.9.0/stm32cubeide/plugins/com.st.stm32cube.ide.mcu.externaltools.gnu-tools-for-stm32.10.3-2021.10.win32_1.0.0.202111181127/tools/bin/../lib/gcc/arm-none-eabi/10.3.1/thumb/v7-m/nofp/crti.o
                0x000000000800d7d0                _init
 .init          0x000000000800d7d4        0x8 e:/program files/stm32cubeide_1.9.0/stm32cubeide/plugins/com.st.stm32cube.ide.mcu.externaltools.gnu-tools-for-stm32.10.3-2021.10.win32_1.0.0.202111181127/tools/bin/../lib/gcc/arm-none-eabi/10.3.1/thumb/v7-m/nofp/crtn.o
 *(.fini)
 .fini          0x000000000800d7dc        0x4 e:/program files/stm32cubeide_1.9.0/stm32cubeide/plugins/com.st.stm32cube.ide.mcu.externaltools.gnu-tools-for-stm32.10.3-2021.10.win32_1.0.0.202111181127/tools/bin/../lib/gcc/arm-none-eabi/10.3.1/thumb/v7-m/nofp/crti.o
                0x000000000800d7dc                _fini
 .fini          0x000000000800d7e0        0x8 e:/program files/stm32cubeide_1.9.0/stm32cubeide/plugins/com.st.stm32cube.ide.mcu.externaltools.gnu-tools-for-stm32.10.3-2021.10.win32_1.0.0.202111181127/tools/bin/../lib/gcc/arm-none-eabi/10.3.1/thumb/v7-m/nofp/crtn.o
                0x000000000800d7e8                . = ALIGN (0x4)
                0x000000000800d7e8                _etext = .

.vfp11_veneer   0x000000000800d7e8        0x0
 .vfp11_veneer  0x000000000800d7e8        0x0 linker stubs

.v4_bx          0x000000000800d7e8        0x0
 .v4_bx         0x000000000800d7e8        0x0 linker stubs

.iplt           0x000000000800d7e8        0x0
 .iplt          0x000000000800d7e8        0x0 e:/program files/stm32cubeide_1.9.0/stm32cubeide/plugins/com.st.stm32cube.ide.mcu.externaltools.gnu-tools-for-stm32.10.3-2021.10.win32_1.0.0.202111181127/tools/bin/../lib/gcc/arm-none-eabi/10.3.1/thumb/v7-m/nofp/crtbegin.o

.rodata         0x000000000800d7e8      0x8dc
                0x000000000800d7e8                . = ALIGN (0x4)
 *(.rodata)
 .rodata        0x000000000800d7e8      0x158 ./Core/Src/gui.o
 .rodata        0x000000000800d940       0x47 ./Core/Src/main.o
 *fill*         0x000000000800d987        0x1 
 .rodata        0x000000000800d988       0x10 ./Drivers/STM32F1xx_HAL_Driver/Src/stm32f1xx_hal_rcc.o
 .rodata        0x000000000800d998       0x10 ./Drivers/STM32F1xx_HAL_Driver/Src/stm32f1xx_hal_rcc_ex.o
 .rodata        0x000000000800d9a8       0x44 ./Middlewares/Third_Party/FatFs/src/ff.o
 *(.rodata*)
 .rodata.ucAscii_1608
                0x000000000800d9ec      0x5f0 ./Core/Src/lcd.o
                0x000000000800d9ec                ucAscii_1608
 .rodata.sfxLength
                0x000000000800dfdc        0x8 ./Core/Src/main.o
                0x000000000800dfdc                sfxLength
 .rodata.AHBPrescTable
                0x000000000800dfe4       0x10 ./Core/Src/system_stm32f1xx.o
                0x000000000800dfe4                AHBPrescTable
 .rodata.APBPrescTable
                0x000000000800dff4        0x8 ./Core/Src/system_stm32f1xx.o
                0x000000000800dff4                APBPrescTable
 .rodata.ExCvt  0x000000000800dffc       0x80 ./Middlewares/Third_Party/FatFs/src/ff.o
 .rodata.SD_Driver
                0x000000000800e07c       0x14 ./Middlewares/Third_Party/FatFs/src/drivers/sd_diskio.o
                0x000000000800e07c                SD_Driver
 .rodata._svfprintf_r.str1.1
                0x000000000800e090       0x11 e:/program files/stm32cubeide_1.9.0/stm32cubeide/plugins/com.st.stm32cube.ide.mcu.externaltools.gnu-tools-for-stm32.10.3-2021.10.win32_1.0.0.202111181127/tools/bin/../lib/gcc/arm-none-eabi/10.3.1/../../../../arm-none-eabi/lib/thumb/v7-m/nofp\libc_nano.a(lib_a-nano-svfprintf.o)
 .rodata._printf_i.str1.1
                0x000000000800e0a1       0x22 e:/program files/stm32cubeide_1.9.0/stm32cubeide/plugins/com.st.stm32cube.ide.mcu.externaltools.gnu-tools-for-stm32.10.3-2021.10.win32_1.0.0.202111181127/tools/bin/../lib/gcc/arm-none-eabi/10.3.1/../../../../arm-none-eabi/lib/thumb/v7-m/nofp\libc_nano.a(lib_a-nano-vfprintf_i.o)
                0x000000000800e0c4                . = ALIGN (0x4)
 *fill*         0x000000000800e0c3        0x1 

.rel.dyn        0x000000000800e0c4        0x0
 .rel.iplt      0x000000000800e0c4        0x0 e:/program files/stm32cubeide_1.9.0/stm32cubeide/plugins/com.st.stm32cube.ide.mcu.externaltools.gnu-tools-for-stm32.10.3-2021.10.win32_1.0.0.202111181127/tools/bin/../lib/gcc/arm-none-eabi/10.3.1/thumb/v7-m/nofp/crtbegin.o

.ARM.extab      0x000000000800e0c4        0x0
                0x000000000800e0c4                . = ALIGN (0x4)
 *(.ARM.extab* .gnu.linkonce.armextab.*)
                0x000000000800e0c4                . = ALIGN (0x4)

.ARM            0x000000000800e0c4        0x0
                0x000000000800e0c4                . = ALIGN (0x4)
                0x000000000800e0c4                __exidx_start = .
 *(.ARM.exidx*)
                0x000000000800e0c4                __exidx_end = .
                0x000000000800e0c4                . = ALIGN (0x4)

.preinit_array  0x000000000800e0c4        0x0
                0x000000000800e0c4                . = ALIGN (0x4)
                0x000000000800e0c4                PROVIDE (__preinit_array_start = .)
 *(.preinit_array*)
                0x000000000800e0c4                PROVIDE (__preinit_array_end = .)
                0x000000000800e0c4                . = ALIGN (0x4)

.init_array     0x000000000800e0c4        0x4
                0x000000000800e0c4                . = ALIGN (0x4)
                0x000000000800e0c4                PROVIDE (__init_array_start = .)
 *(SORT_BY_NAME(.init_array.*))
 *(.init_array*)
 .init_array    0x000000000800e0c4        0x4 e:/program files/stm32cubeide_1.9.0/stm32cubeide/plugins/com.st.stm32cube.ide.mcu.externaltools.gnu-tools-for-stm32.10.3-2021.10.win32_1.0.0.202111181127/tools/bin/../lib/gcc/arm-none-eabi/10.3.1/thumb/v7-m/nofp/crtbegin.o
                0x000000000800e0c8                PROVIDE (__init_array_end = .)
                0x000000000800e0c8                . = ALIGN (0x4)

.fini_array     0x000000000800e0c8        0x4
                0x000000000800e0c8                . = ALIGN (0x4)
                [!provide]                        PROVIDE (__fini_array_start = .)
 *(SORT_BY_NAME(.fini_array.*))
 *(.fini_array*)
 .fini_array    0x000000000800e0c8        0x4 e:/program files/stm32cubeide_1.9.0/stm32cubeide/plugins/com.st.stm32cube.ide.mcu.externaltools.gnu-tools-for-stm32.10.3-2021.10.win32_1.0.0.202111181127/tools/bin/../lib/gcc/arm-none-eabi/10.3.1/thumb/v7-m/nofp/crtbegin.o
                [!provide]                        PROVIDE (__fini_array_end = .)
                0x000000000800e0cc                . = ALIGN (0x4)
                0x000000000800e0cc                _sidata = LOADADDR (.data)

.data           0x0000000020000000     0x84f4 load address 0x000000000800e0cc
                0x0000000020000000                . = ALIGN (0x4)
                0x0000000020000000                _sdata = .
 *(.data)
 *(.data*)
 .data.coinSFX  0x0000000020000000     0x5170 ./Core/Src/main.o
                0x0000000020000000                coinSFX
 .data.fireballSFX
                0x0000000020005170      0xb53 ./Core/Src/main.o
                0x0000000020005170                fireballSFX
 *fill*         0x0000000020005cc3        0x1 
 .data.kickSFX  0x0000000020005cc4      0xf9b ./Core/Src/main.o
                0x0000000020005cc4                kickSFX
 *fill*         0x0000000020006c5f        0x1 
 .data.stompSFX
                0x0000000020006c60     0x17a8 ./Core/Src/main.o
                0x0000000020006c60                stompSFX
 .data.tempoLevel
                0x0000000020008408        0x1 ./Core/Src/main.o
                0x0000000020008408                tempoLevel
 .data.tempoLevelMax
                0x0000000020008409        0x1 ./Core/Src/main.o
                0x0000000020008409                tempoLevelMax
 *fill*         0x000000002000840a        0x2 
 .data.tempoMultipliers
                0x000000002000840c       0x2c ./Core/Src/main.o
                0x000000002000840c                tempoMultipliers
 .data.filterFrequencyLevel
                0x0000000020008438        0x1 ./Core/Src/main.o
                0x0000000020008438                filterFrequencyLevel
 .data.formerFreq
                0x0000000020008439        0x1 ./Core/Src/main.o
                0x0000000020008439                formerFreq
 *fill*         0x000000002000843a        0x2 
 .data.filterFrequencies
                0x000000002000843c       0x40 ./Core/Src/main.o
                0x000000002000843c                filterFrequencies
 .data.MAX_SHIFT
                0x000000002000847c        0x4 ./Core/Src/main.o
                0x000000002000847c                MAX_SHIFT
 .data.MIN_SHIFT
                0x0000000020008480        0x4 ./Core/Src/main.o
                0x0000000020008480                MIN_SHIFT
 .data.SystemCoreClock
                0x0000000020008484        0x4 ./Core/Src/system_stm32f1xx.o
                0x0000000020008484                SystemCoreClock
 .data.uwTickPrio
                0x0000000020008488        0x4 ./Drivers/STM32F1xx_HAL_Driver/Src/stm32f1xx_hal.o
                0x0000000020008488                uwTickPrio
 .data.uwTickFreq
                0x000000002000848c        0x1 ./Drivers/STM32F1xx_HAL_Driver/Src/stm32f1xx_hal.o
                0x000000002000848c                uwTickFreq
 .data.Stat     0x000000002000848d        0x1 ./Middlewares/Third_Party/FatFs/src/drivers/sd_diskio.o
 *fill*         0x000000002000848e        0x2 
 .data._impure_ptr
                0x0000000020008490        0x4 e:/program files/stm32cubeide_1.9.0/stm32cubeide/plugins/com.st.stm32cube.ide.mcu.externaltools.gnu-tools-for-stm32.10.3-2021.10.win32_1.0.0.202111181127/tools/bin/../lib/gcc/arm-none-eabi/10.3.1/../../../../arm-none-eabi/lib/thumb/v7-m/nofp\libc_nano.a(lib_a-impure.o)
                0x0000000020008490                _impure_ptr
 .data.impure_data
                0x0000000020008494       0x60 e:/program files/stm32cubeide_1.9.0/stm32cubeide/plugins/com.st.stm32cube.ide.mcu.externaltools.gnu-tools-for-stm32.10.3-2021.10.win32_1.0.0.202111181127/tools/bin/../lib/gcc/arm-none-eabi/10.3.1/../../../../arm-none-eabi/lib/thumb/v7-m/nofp\libc_nano.a(lib_a-impure.o)
 *(.RamFunc)
 *(.RamFunc*)
                0x00000000200084f4                . = ALIGN (0x4)
                0x00000000200084f4                _edata = .

.igot.plt       0x00000000200084f4        0x0 load address 0x00000000080165c0
 .igot.plt      0x00000000200084f4        0x0 e:/program files/stm32cubeide_1.9.0/stm32cubeide/plugins/com.st.stm32cube.ide.mcu.externaltools.gnu-tools-for-stm32.10.3-2021.10.win32_1.0.0.202111181127/tools/bin/../lib/gcc/arm-none-eabi/10.3.1/thumb/v7-m/nofp/crtbegin.o
                0x00000000200084f4                . = ALIGN (0x4)

.bss            0x00000000200084f8     0x13b0 load address 0x00000000080165c0
                0x00000000200084f8                _sbss = .
                0x00000000200084f8                __bss_start__ = _sbss
 *(.bss)
 .bss           0x00000000200084f8       0x1c e:/program files/stm32cubeide_1.9.0/stm32cubeide/plugins/com.st.stm32cube.ide.mcu.externaltools.gnu-tools-for-stm32.10.3-2021.10.win32_1.0.0.202111181127/tools/bin/../lib/gcc/arm-none-eabi/10.3.1/thumb/v7-m/nofp/crtbegin.o
 *(.bss*)
 .bss.hadc1     0x0000000020008514       0x30 ./Core/Src/main.o
                0x0000000020008514                hadc1
 .bss.hdac      0x0000000020008544       0x14 ./Core/Src/main.o
                0x0000000020008544                hdac
 .bss.hdma_dac_ch1
                0x0000000020008558       0x44 ./Core/Src/main.o
                0x0000000020008558                hdma_dac_ch1
 .bss.hsd       0x000000002000859c       0x84 ./Core/Src/main.o
                0x000000002000859c                hsd
 .bss.htim2     0x0000000020008620       0x48 ./Core/Src/main.o
                0x0000000020008620                htim2
 .bss.htim3     0x0000000020008668       0x48 ./Core/Src/main.o
                0x0000000020008668                htim3
 .bss.htim6     0x00000000200086b0       0x48 ./Core/Src/main.o
                0x00000000200086b0                htim6
 .bss.hsram1    0x00000000200086f8       0x48 ./Core/Src/main.o
                0x00000000200086f8                hsram1
 .bss.GPIO_InitStructPrivate
                0x0000000020008740       0x10 ./Core/Src/main.o
                0x0000000020008740                GPIO_InitStructPrivate
 .bss.keyPressed
                0x0000000020008750        0x1 ./Core/Src/main.o
                0x0000000020008750                keyPressed
 *fill*         0x0000000020008751        0x3 
 .bss.currentTick
                0x0000000020008754        0x4 ./Core/Src/main.o
                0x0000000020008754                currentTick
 .bss.previousTick
                0x0000000020008758        0x4 ./Core/Src/main.o
                0x0000000020008758                previousTick
 .bss.flag_dma_done
                0x000000002000875c        0x1 ./Core/Src/main.o
                0x000000002000875c                flag_dma_done
 *fill*         0x000000002000875d        0x3 
 .bss.dmaBuffer
                0x0000000020008760      0x800 ./Core/Src/main.o
 .bss.dmaBufferIndexToUse
                0x0000000020008f60        0x1 ./Core/Src/main.o
 *fill*         0x0000000020008f61        0x3 
 .bss.fileBuffer
                0x0000000020008f64      0x200 ./Core/Src/main.o
 .bss.bytesRead
                0x0000000020009164        0x4 ./Core/Src/main.o
                0x0000000020009164                bytesRead
 .bss.bytesRemained
                0x0000000020009168        0x4 ./Core/Src/main.o
                0x0000000020009168                bytesRemained
 .bss.bytesRemainedMax
                0x000000002000916c        0x4 ./Core/Src/main.o
                0x000000002000916c                bytesRemainedMax
 .bss.audioFile
                0x0000000020009170      0x22c ./Core/Src/main.o
                0x0000000020009170                audioFile
 .bss.fatfs     0x000000002000939c      0x230 ./Core/Src/main.o
                0x000000002000939c                fatfs
 .bss.res       0x00000000200095cc        0x1 ./Core/Src/main.o
                0x00000000200095cc                res
 *fill*         0x00000000200095cd        0x3 
 .bss.dir       0x00000000200095d0      0x220 ./Core/Src/main.o
                0x00000000200095d0                dir
 .bss.fno       0x00000000200097f0       0x18 ./Core/Src/main.o
                0x00000000200097f0                fno
 .bss.filename  0x0000000020009808        0x4 ./Core/Src/main.o
                0x0000000020009808                filename
 .bss.blockSize
                0x000000002000980c        0x4 ./Core/Src/main.o
                0x000000002000980c                blockSize
 .bss.isMusicPlaying
                0x0000000020009810        0x1 ./Core/Src/main.o
                0x0000000020009810                isMusicPlaying
 *fill*         0x0000000020009811        0x3 
 .bss.originalSampleRate
                0x0000000020009814        0x4 ./Core/Src/main.o
                0x0000000020009814                originalSampleRate
 .bss.isMoveForward
                0x0000000020009818        0x1 ./Core/Src/main.o
                0x0000000020009818                isMoveForward
 .bss.isMoveBackward
                0x0000000020009819        0x1 ./Core/Src/main.o
                0x0000000020009819                isMoveBackward
 .bss.timeShift
                0x000000002000981a        0x2 ./Core/Src/main.o
                0x000000002000981a                timeShift
 .bss.audioLength
                0x000000002000981c        0x4 ./Core/Src/main.o
                0x000000002000981c                audioLength
 .bss.audioCurrentTime
                0x0000000020009820        0x4 ./Core/Src/main.o
                0x0000000020009820                audioCurrentTime
 .bss.isLPF     0x0000000020009824        0x1 ./Core/Src/main.o
                0x0000000020009824                isLPF
 .bss.isHPF     0x0000000020009825        0x1 ./Core/Src/main.o
                0x0000000020009825                isHPF
 *fill*         0x0000000020009826        0x2 
 .bss.alpha     0x0000000020009828        0x8 ./Core/Src/main.o
                0x0000000020009828                alpha
 .bss.wc        0x0000000020009830        0x8 ./Core/Src/main.o
                0x0000000020009830                wc
 .bss.tau       0x0000000020009838        0x8 ./Core/Src/main.o
                0x0000000020009838                tau
 .bss.isSFX     0x0000000020009840        0x1 ./Core/Src/main.o
                0x0000000020009840                isSFX
 *fill*         0x0000000020009841        0x3 
 .bss.sfxCounter
                0x0000000020009844        0x4 ./Core/Src/main.o
                0x0000000020009844                sfxCounter
 .bss.sfxCounterMax
                0x0000000020009848        0x4 ./Core/Src/main.o
                0x0000000020009848                sfxCounterMax
 .bss.sfxPointer
                0x000000002000984c        0x4 ./Core/Src/main.o
                0x000000002000984c                sfxPointer
 .bss.Rd_P      0x0000000020009850        0x4 ./Core/Src/main.o
                0x0000000020009850                Rd_P
 .bss.Shift     0x0000000020009854        0x4 ./Core/Src/main.o
                0x0000000020009854                Shift
 .bss.FSMC_Initialized
                0x0000000020009858        0x4 ./Core/Src/stm32f1xx_hal_msp.o
 .bss.__sbrk_heap_end
                0x000000002000985c        0x4 ./Core/Src/sysmem.o
 .bss.uwTick    0x0000000020009860        0x4 ./Drivers/STM32F1xx_HAL_Driver/Src/stm32f1xx_hal.o
                0x0000000020009860                uwTick
 .bss.retSD     0x0000000020009864        0x1 ./FATFS/App/fatfs.o
                0x0000000020009864                retSD
 *fill*         0x0000000020009865        0x3 
 .bss.SDPath    0x0000000020009868        0x4 ./FATFS/App/fatfs.o
                0x0000000020009868                SDPath
 .bss.FatFs     0x000000002000986c        0x4 ./Middlewares/Third_Party/FatFs/src/ff.o
 .bss.Fsid      0x0000000020009870        0x2 ./Middlewares/Third_Party/FatFs/src/ff.o
 *fill*         0x0000000020009872        0x2 
 .bss.Files     0x0000000020009874       0x18 ./Middlewares/Third_Party/FatFs/src/ff.o
 .bss.disk      0x000000002000988c        0xc ./Middlewares/Third_Party/FatFs/src/ff_gen_drv.o
                0x000000002000988c                disk
 .bss.__malloc_free_list
                0x0000000020009898        0x4 e:/program files/stm32cubeide_1.9.0/stm32cubeide/plugins/com.st.stm32cube.ide.mcu.externaltools.gnu-tools-for-stm32.10.3-2021.10.win32_1.0.0.202111181127/tools/bin/../lib/gcc/arm-none-eabi/10.3.1/../../../../arm-none-eabi/lib/thumb/v7-m/nofp\libc_nano.a(lib_a-nano-mallocr.o)
                0x0000000020009898                __malloc_free_list
 .bss.__malloc_sbrk_start
                0x000000002000989c        0x4 e:/program files/stm32cubeide_1.9.0/stm32cubeide/plugins/com.st.stm32cube.ide.mcu.externaltools.gnu-tools-for-stm32.10.3-2021.10.win32_1.0.0.202111181127/tools/bin/../lib/gcc/arm-none-eabi/10.3.1/../../../../arm-none-eabi/lib/thumb/v7-m/nofp\libc_nano.a(lib_a-nano-mallocr.o)
                0x000000002000989c                __malloc_sbrk_start
 .bss.errno     0x00000000200098a0        0x4 e:/program files/stm32cubeide_1.9.0/stm32cubeide/plugins/com.st.stm32cube.ide.mcu.externaltools.gnu-tools-for-stm32.10.3-2021.10.win32_1.0.0.202111181127/tools/bin/../lib/gcc/arm-none-eabi/10.3.1/../../../../arm-none-eabi/lib/thumb/v7-m/nofp\libc_nano.a(lib_a-reent.o)
                0x00000000200098a0                errno
 .bss.__lock___malloc_recursive_mutex
                0x00000000200098a4        0x1 e:/program files/stm32cubeide_1.9.0/stm32cubeide/plugins/com.st.stm32cube.ide.mcu.externaltools.gnu-tools-for-stm32.10.3-2021.10.win32_1.0.0.202111181127/tools/bin/../lib/gcc/arm-none-eabi/10.3.1/../../../../arm-none-eabi/lib/thumb/v7-m/nofp\libc_nano.a(lib_a-lock.o)
                0x00000000200098a4                __lock___malloc_recursive_mutex
 *(COMMON)
                0x00000000200098a8                . = ALIGN (0x4)
 *fill*         0x00000000200098a5        0x3 
                0x00000000200098a8                _ebss = .
                0x00000000200098a8                __bss_end__ = _ebss

._user_heap_stack
                0x00000000200098a8      0x600 load address 0x00000000080165c0
                0x00000000200098a8                . = ALIGN (0x8)
                [!provide]                        PROVIDE (end = .)
                0x00000000200098a8                PROVIDE (_end = .)
                0x0000000020009aa8                . = (. + _Min_Heap_Size)
 *fill*         0x00000000200098a8      0x200 
                0x0000000020009ea8                . = (. + _Min_Stack_Size)
 *fill*         0x0000000020009aa8      0x400 
                0x0000000020009ea8                . = ALIGN (0x8)

/DISCARD/
 libc.a(*)
 libm.a(*)
 libgcc.a(*)

.ARM.attributes
                0x0000000000000000       0x29
 *(.ARM.attributes)
 .ARM.attributes
                0x0000000000000000       0x1d e:/program files/stm32cubeide_1.9.0/stm32cubeide/plugins/com.st.stm32cube.ide.mcu.externaltools.gnu-tools-for-stm32.10.3-2021.10.win32_1.0.0.202111181127/tools/bin/../lib/gcc/arm-none-eabi/10.3.1/thumb/v7-m/nofp/crti.o
 .ARM.attributes
                0x000000000000001d       0x2d e:/program files/stm32cubeide_1.9.0/stm32cubeide/plugins/com.st.stm32cube.ide.mcu.externaltools.gnu-tools-for-stm32.10.3-2021.10.win32_1.0.0.202111181127/tools/bin/../lib/gcc/arm-none-eabi/10.3.1/thumb/v7-m/nofp/crtbegin.o
 .ARM.attributes